******************************************************************************
                  TI ARM Linker Unix v18.1.3                   
******************************************************************************
>> Linked Thu Nov 22 10:26:10 2018

OUTPUT FILE NAME:   <Wings of Cucco.out>
ENTRY POINT SYMBOL: "_c_int00_noargs"  address: 0000db15


MEMORY CONFIGURATION

         name            origin    length      used     unused   attr    fill
----------------------  --------  ---------  --------  --------  ----  --------
  FLASH                 00000000   00040000  0000de5b  000321a5  R  X
  SRAM                  20000000   00008000  000015de  00006a22  RW X


SEGMENT ALLOCATION MAP

run origin  load origin   length   init length attrs members
----------  ----------- ---------- ----------- ----- -------
00000000    00000000    0000de60   0000de60    r-x
  00000000    00000000    0000026c   0000026c    r-- .intvecs
  0000026c    0000026c    00009605   00009605    r-- .const
  00009874    00009874    0000443a   0000443a    r-x .text
  0000dcb0    0000dcb0    000001b0   000001b0    r-- .cinit
20000000    20000000    000015e0   00000000    rw-
  20000000    20000000    000011c4   00000000    rw- .bss
  200011c4    200011c4    0000021a   00000000    rw- .data
  200013e0    200013e0    00000200   00000000    rw- .stack


SECTION ALLOCATION MAP

 output                                  attributes/
section   page    origin      length       input sections
--------  ----  ----------  ----------   ----------------
.intvecs   0    00000000    0000026c     
                  00000000    0000026c     tm4c123gh6pm_startup_ccs.obj (.intvecs)

.const     0    0000026c    00009605     
                  0000026c    000008b7     actions.obj (.const:.string:malon_house)
                  00000b23    000008b7     actions.obj (.const:.string:menubg)
                  000013da    00000437     actions.obj (.const:.string:GameOver2)
                  00001811    00000437     actions.obj (.const:.string:GameOver3)
                  00001c48    00000437     actions.obj (.const:.string:GameOver)
                  0000207f    00000407     actions.obj (.const:.string:story_1)
                  00002486    00000407     actions.obj (.const:.string:story_3)
                  0000288d    000003ab     actions.obj (.const:.string:menu_options)
                  00002c38    00000377     actions.obj (.const:.string:TitleLogo)
                  00002faf    00000333     actions.obj (.const:.string:highscoremenu)
                  000032e2    0000032f     actions.obj (.const:.string:story_2)
                  00003611    00000277     actions.obj (.const:.string:grand_cucco_left_1)
                  00003888    00000277     actions.obj (.const:.string:grand_cucco_left_2)
                  00003aff    00000277     actions.obj (.const:.string:grand_cucco_right_1)
                  00003d76    00000277     actions.obj (.const:.string:grand_cucco_right_2)
                  00003fed    00000277     actions.obj (.const:.string:grand_defeated_2)
                  00004264    00000277     actions.obj (.const:.string:grand_defeated_3)
                  000044db    00000277     actions.obj (.const:.string:grand_madcucco_left_1)
                  00004752    00000277     actions.obj (.const:.string:grand_madcucco_left_2)
                  000049c9    00000277     actions.obj (.const:.string:grand_madcucco_right_1)
                  00004c40    00000277     actions.obj (.const:.string:grand_madcucco_right_2)
                  00004eb7    0000023f     actions.obj (.const:.string:butialready)
                  000050f6    000001f3     actions.obj (.const:.string:playwithhim)
                  000052e9    000001e5     Nokia5110.obj (.const:ASCII)
                  000054ce    000001a7     actions.obj (.const:.string:buttonmtx)
                  00005675    0000017b     actions.obj (.const:.string:thanks)
                  000057f0    00000157     actions.obj (.const:.string:pausemenu)
                  00005947    00000137     actions.obj (.const:.string:thankyoulink)
                  00005a7e    000000f7     actions.obj (.const:.string:candle_2)
                  00005b75    000000f7     actions.obj (.const:.string:candle_3)
                  00005c6c    000000f7     actions.obj (.const:.string:cucco_left_1)
                  00005d63    000000f7     actions.obj (.const:.string:cucco_left_2)
                  00005e5a    000000f7     actions.obj (.const:.string:cucco_mad_left_1)
                  00005f51    000000f7     actions.obj (.const:.string:cucco_mad_left_2)
                  00006048    000000f7     actions.obj (.const:.string:cucco_mad_right_1)
                  0000613f    000000f7     actions.obj (.const:.string:cucco_mad_right_2)
                  00006236    000000f7     actions.obj (.const:.string:cucco_right_1)
                  0000632d    000000f7     actions.obj (.const:.string:cucco_right_2)
                  00006424    000000f7     actions.obj (.const:.string:defeated_1)
                  0000651b    000000f7     actions.obj (.const:.string:defeated_2)
                  00006612    000000f7     actions.obj (.const:.string:defeated_3)
                  00006709    000000f7     actions.obj (.const:.string:link_dead)
                  00006800    000000f7     actions.obj (.const:.string:link_down_1)
                  000068f7    000000f7     actions.obj (.const:.string:link_down_2)
                  000069ee    000000f7     actions.obj (.const:.string:link_down_attack)
                  00006ae5    000000f7     actions.obj (.const:.string:link_left_1)
                  00006bdc    000000f7     actions.obj (.const:.string:link_left_2)
                  00006cd3    000000f7     actions.obj (.const:.string:link_left_attack)
                  00006dca    000000f7     actions.obj (.const:.string:link_right_1)
                  00006ec1    000000f7     actions.obj (.const:.string:link_right_2)
                  00006fb8    000000f7     actions.obj (.const:.string:link_right_attack)
                  000070af    000000f7     actions.obj (.const:.string:link_up_1)
                  000071a6    000000f7     actions.obj (.const:.string:link_up_2)
                  0000729d    000000f7     actions.obj (.const:.string:link_up_attack)
                  00007394    000000f7     actions.obj (.const:.string:malon_sing_down)
                  0000748b    000000f7     actions.obj (.const:.string:malon_sing_left)
                  00007582    000000f7     actions.obj (.const:.string:malon_sing_right)
                  00007679    000000f7     actions.obj (.const:.string:oldman_down_1)
                  00007770    000000f7     actions.obj (.const:.string:oldman_down_2)
                  00007867    000000f7     actions.obj (.const:.string:oldman_left_1)
                  0000795e    000000f7     actions.obj (.const:.string:oldman_left_2)
                  00007a55    000000f7     actions.obj (.const:.string:oldman_right_1)
                  00007b4c    000000f7     actions.obj (.const:.string:oldman_right_2)
                  00007c43    000000f7     actions.obj (.const:.string:oldman_up_1)
                  00007d3a    000000f7     actions.obj (.const:.string:oldman_up_2)
                  00007e31    000000f7     actions.obj (.const:.string:poison)
                  00007f28    000000ef     actions.obj (.const:.string:instructions)
                  00008017    000000e7     actions.obj (.const:.string:grass_alive)
                  000080fe    000000e7     actions.obj (.const:.string:grass_cutted_1)
                  000081e5    000000e7     actions.obj (.const:.string:grass_cutted_2)
                  000082cc    000000c7     actions.obj (.const:.string:signature)
                  00008393    000000b3     actions.obj (.const:.string:attack)
                  00008446    000000b3     actions.obj (.const:.string:down)
                  000084f9    000000b3     actions.obj (.const:.string:pause)
                  000085ac    000000b3     actions.obj (.const:.string:right)
                  0000865f    000000b3     actions.obj (.const:.string:sword_down)
                  00008712    000000b3     actions.obj (.const:.string:sword_up)
                  000087c5    000000a7     actions.obj (.const:.string:sword_half_left)
                  0000886c    000000a7     actions.obj (.const:.string:sword_half_right)
                  00008913    000000a7     actions.obj (.const:.string:sword_left)
                  000089ba    000000a7     actions.obj (.const:.string:sword_right)
                  00008a61    0000009f     actions.obj (.const:.string:left)
                  00008b00    0000009b     actions.obj (.const:.string:sword_half_down)
                  00008b9b    0000009b     actions.obj (.const:.string:sword_half_up)
                  00008c36    00000093     actions.obj (.const:.string:cinco)
                  00008cc9    00000093     actions.obj (.const:.string:dois)
                  00008d5c    00000093     actions.obj (.const:.string:heart_empty)
                  00008def    00000093     actions.obj (.const:.string:heart_full)
                  00008e82    00000093     actions.obj (.const:.string:heart_half)
                  00008f15    00000093     actions.obj (.const:.string:nove)
                  00008fa8    00000093     actions.obj (.const:.string:oito)
                  0000903b    00000093     actions.obj (.const:.string:quatro)
                  000090ce    00000093     actions.obj (.const:.string:seis)
                  00009161    00000093     actions.obj (.const:.string:sete)
                  000091f4    00000093     actions.obj (.const:.string:tres)
                  00009287    00000093     actions.obj (.const:.string:um)
                  0000931a    00000093     actions.obj (.const:.string:zero)
                  000093ad    00000002     actions.obj (.const:.string:$P$T2$3)
                  000093af    00000001     --HOLE-- [fill = 0]
                  000093b0    00000090     actions.obj (.const:$P$T0$1)
                  00009440    0000008b     actions.obj (.const:.string:blackseta)
                  000094cb    0000008b     actions.obj (.const:.string:invseta)
                  00009556    0000008b     actions.obj (.const:.string:seta)
                  000095e1    0000008b     actions.obj (.const:.string:up)
                  0000966c    00000087     actions.obj (.const:.string:button0)
                  000096f3    00000087     actions.obj (.const:.string:button1)
                  0000977a    00000002     --HOLE-- [fill = 0]
                  0000977c    00000078     actions.obj (.const:$P$T3$4)
                  000097f4    0000006c     driverlib.lib : sysctl.obj (.const:g_pui32Xtals)
                  00009860    00000008     Nokia5110.obj (.const:.string:Masks)
                  00009868    00000005     Nokia5110.obj (.const:SPECIAL_SIMBOLS)
                  0000986d    00000004     actions.obj (.const:.string:$P$T1$2)

.text      0    00009874    0000443a     
                  00009874    00002fc6     actions.obj (.text)
                  0000c83a    00000002     rtsv7M4_T_le_v4SPD16_eabi.lib : _lock.c.obj (.text:_nop)
                  0000c83c    00000c50     Nokia5110.obj (.text)
                  0000d48c    0000018c     buttons.obj (.text)
                  0000d618    00000132     driverlib.lib : gpio.obj (.text:GPIOPadConfigSet)
                  0000d74a    00000002     --HOLE-- [fill = 0]
                  0000d74c    00000110                   : sysctl.obj (.text:SysCtlClockGet)
                  0000d85c    000000f4                   : sysctl.obj (.text:SysCtlClockSet)
                  0000d950    0000009c     rtsv7M4_T_le_v4SPD16_eabi.lib : memcpy_t2.asm.obj (.text)
                  0000d9ec    0000007a                                   : memset_t2.asm.obj (.text)
                  0000da66    00000068                                   : copy_decompress_lzss.c.obj (.text:decompress:lzss:__TI_decompress_lzss)
                  0000dace    00000002     --HOLE-- [fill = 0]
                  0000dad0    00000044                                   : autoinit.c.obj (.text:__TI_auto_init_nobinit_nopinit:__TI_auto_init_nobinit_nopinit)
                  0000db14    00000038                                   : boot_cortex_m.c.obj (.text:_c_int00_noargs:_c_int00_noargs)
                  0000db4c    00000034     driverlib.lib : sysctl.obj (.text:SysCtlPeripheralEnable)
                  0000db80    00000034     rtsv7M4_T_le_v4SPD16_eabi.lib : rand.c.obj (.text:rand)
                  0000dbb4    0000002a     driverlib.lib : gpio.obj (.text:GPIODirModeSet)
                  0000dbde    00000002     --HOLE-- [fill = 0]
                  0000dbe0    00000024     rtsv7M4_T_le_v4SPD16_eabi.lib : rand.c.obj (.text:srand)
                  0000dc04    00000018     driverlib.lib : gpio.obj (.text:GPIOPinTypeGPIOOutput)
                  0000dc1c    00000014                   : systick.obj (.text:SysTickEnable)
                  0000dc30    00000012                   : gpio.obj (.text:GPIOPinTypeGPIOInput)
                  0000dc42    00000002     --HOLE-- [fill = 0]
                  0000dc44    00000010                   : systick.obj (.text:SysTickPeriodSet)
                  0000dc54    0000000e     rtsv7M4_T_le_v4SPD16_eabi.lib : copy_decompress_none.c.obj (.text:decompress:none:__TI_decompress_none)
                  0000dc62    0000000e     main.obj (.text)
                  0000dc70    0000000c     driverlib.lib : systick.obj (.text:SysTickValueGet)
                  0000dc7c    0000000c     rtsv7M4_T_le_v4SPD16_eabi.lib : copy_zero_init.c.obj (.text:decompress:ZI:__TI_zero_init)
                  0000dc88    0000000c     tm4c123gh6pm_startup_ccs.obj (.text)
                  0000dc94    00000006     driverlib.lib : gpio.obj (.text:GPIOPinRead)
                  0000dc9a    00000006                   : gpio.obj (.text:GPIOPinWrite)
                  0000dca0    00000006                   : sysctl.obj (.text:SysCtlDelay)
                  0000dca6    00000004     rtsv7M4_T_le_v4SPD16_eabi.lib : pre_init.c.obj (.text:_system_pre_init)
                  0000dcaa    00000004                                   : exit.c.obj (.text:abort:abort)

.cinit     0    0000dcb0    000001b0     
                  0000dcb0    0000018c     (.cinit..data.load) [load image, compression = lzss]
                  0000de3c    0000000c     (__TI_handler_table)
                  0000de48    00000008     (.cinit..bss.load) [load image, compression = zero_init]
                  0000de50    00000010     (__TI_cinit_table)

.init_array 
*          0    00000000    00000000     UNINITIALIZED

.bss       0    20000000    000011c4     UNINITIALIZED
                  20000000    00000fc0     (.common:warmap)
                  20000fc0    000001f8     (.common:Screen)
                  200011b8    0000000c     (.common:lifebar_heart)

.data      0    200011c4    0000021a     UNINITIALIZED
                  200011c4    00000028     actions.obj (.data:number)
                  200011ec    00000018     actions.obj (.data:cucco_sprites_1)
                  20001204    00000018     actions.obj (.data:cucco_sprites_2)
                  2000121c    00000018     actions.obj (.data:enemy_array)
                  20001234    00000018     actions.obj (.data:grand_cucco_sprites_1)
                  2000124c    00000018     actions.obj (.data:grand_cucco_sprites_2)
                  20001264    00000018     actions.obj (.data:grand_madcucco_sprites_1)
                  2000127c    00000018     actions.obj (.data:grand_madcucco_sprites_2)
                  20001294    00000018     actions.obj (.data:grass_sprites)
                  200012ac    00000018     actions.obj (.data:madcucco_sprites_1)
                  200012c4    00000018     actions.obj (.data:madcucco_sprites_2)
                  200012dc    00000018     actions.obj (.data:oldman_sprites_1)
                  200012f4    00000018     actions.obj (.data:oldman_sprites_2)
                  2000130c    00000010     actions.obj (.data:candle_sprites)
                  2000131c    00000010     actions.obj (.data:link_attack)
                  2000132c    00000010     actions.obj (.data:link_walk_1)
                  2000133c    00000010     actions.obj (.data:link_walk_2)
                  2000134c    00000010     actions.obj (.data:malon_sprite)
                  2000135c    00000010     actions.obj (.data:sword_half_sprite)
                  2000136c    00000010     actions.obj (.data:sword_position_x)
                  2000137c    00000010     actions.obj (.data:sword_position_y)
                  2000138c    00000010     actions.obj (.data:sword_sprite)
                  2000139c    00000008     rtsv7M4_T_le_v4SPD16_eabi.lib : _lock.c.obj (.data:$O1$$)
                  200013a4    00000008     actions.obj (.data:cucco_array)
                  200013ac    00000008     actions.obj (.data:grand_cucco_array)
                  200013b4    00000008     actions.obj (.data:grand_madcucco_array)
                  200013bc    00000008     actions.obj (.data:grass_array)
                  200013c4    00000008     actions.obj (.data:madcucco_array)
                  200013cc    00000008     actions.obj (.data:oldman_array)
                  200013d4    00000004     rtsv7M4_T_le_v4SPD16_eabi.lib : rand.c.obj (.data)
                  200013d8    00000003     actions.obj (.data)
                  200013db    00000003     actions.obj (.data:highscore)

.stack     0    200013e0    00000200     UNINITIALIZED
                  200013e0    00000004     rtsv7M4_T_le_v4SPD16_eabi.lib : boot_cortex_m.c.obj (.stack)
                  200013e4    000001fc     --HOLE--

MODULE SUMMARY

       Module                         code    ro data   rw data
       ------                         ----    -------   -------
    ./
       actions.obj                    12230   37796     4570   
       Nokia5110.obj                  3152    498       504    
       tm4c123gh6pm_startup_ccs.obj   12      620       0      
       buttons.obj                    396     0         0      
       main.obj                       14      0         0      
    +--+------------------------------+-------+---------+---------+
       Total:                         15804   38914     5074   
                                                               
    /home/mairon/ti/TivaWare_C_Series/driverlib/ccs/Debug/driverlib.lib
       sysctl.obj                     574     108       0      
       gpio.obj                       402     0         0      
       systick.obj                    48      0         0      
    +--+------------------------------+-------+---------+---------+
       Total:                         1024    108       0      
                                                               
    /home/mairon/ti/ccsv8/tools/compiler/ti-cgt-arm_18.1.3.LTS/lib/rtsv7M4_T_le_v4SPD16_eabi.lib
       memcpy_t2.asm.obj              156     0         0      
       memset_t2.asm.obj              122     0         0      
       copy_decompress_lzss.c.obj     104     0         0      
       rand.c.obj                     88      0         4      
       autoinit.c.obj                 68      0         0      
       boot_cortex_m.c.obj            56      0         0      
       copy_decompress_none.c.obj     14      0         0      
       copy_zero_init.c.obj           12      0         0      
       _lock.c.obj                    2       0         8      
       exit.c.obj                     4       0         0      
       pre_init.c.obj                 4       0         0      
    +--+------------------------------+-------+---------+---------+
       Total:                         630     0         12     
                                                               
       Stack:                         0       0         512    
       Linker Generated:              0       432       0      
    +--+------------------------------+-------+---------+---------+
       Grand Total:                   17458   39454     5598   


LINKER GENERATED COPY TABLES

__TI_cinit_table @ 0000de50 records: 2, size/record: 8, table size: 16
	.data: load addr=0000dcb0, load size=0000018c bytes, run addr=200011c4, run size=0000021a bytes, compression=lzss
	.bss: load addr=0000de48, load size=00000008 bytes, run addr=20000000, run size=000011c4 bytes, compression=zero_init


LINKER GENERATED HANDLER TABLE

__TI_handler_table @ 0000de3c records: 3, size/record: 4, table size: 12
	index: 0, handler: __TI_decompress_lzss
	index: 1, handler: __TI_decompress_none
	index: 2, handler: __TI_zero_init


GLOBAL SYMBOLS: SORTED ALPHABETICALLY BY Name 

address   name                          
-------   ----                          
0000dcab  C$$EXIT                       
0000d48d  ConfigureButtons              
0000b219  DisplayScore                  
0000c1f5  Enemy_Move                    
0000c13f  Enemy_New                     
0000dbb5  GPIODirModeSet                
0000d619  GPIOPadConfigSet              
0000dc95  GPIOPinRead                   
0000dc31  GPIOPinTypeGPIOInput          
0000dc05  GPIOPinTypeGPIOOutput         
0000dc9b  GPIOPinWrite                  
00001c48  GameOver                      
000013da  GameOver2                     
00001811  GameOver3                     
0000d51d  GetButton                     
0000d4d7  GetColumn                     
000098a1  GetSwitch                     
0000a151  HighScoreScreen               
00009bfd  InstructionScreen             
0000b289  Level_New                     
0000b625  Level_WarMapCheckEnemy        
0000b599  Level_WarMapClear             
0000b407  Level_WarMapStart             
0000b475  Level_WarMapUpdate            
0000ae11  Lifebar_Update                
0000bcf1  Link_Attack                   
0000bdfd  Link_IsAttacked               
0000c07b  Link_IsDead                   
0000c04f  Link_LifeLoss                 
0000b7a1  Link_Move                     
0000b70d  Link_New                      
00009860  Masks                         
0000a23d  NewGame                       
0000cc85  Nokia5110_Clear               
0000d3dd  Nokia5110_ClearBitmap         
0000cee1  Nokia5110_ClearBuffer         
0000cf15  Nokia5110_ClearPixel          
0000cf0b  Nokia5110_DisplayBuffer       
0000d2b9  Nokia5110_DrawChar            
0000ccb5  Nokia5110_DrawFullImage       
0000d2f1  Nokia5110_DrawHLine           
0000cf3b  Nokia5110_DrawPixel           
0000d34b  Nokia5110_DrawVLine           
0000c8ab  Nokia5110_Init                
0000c9c5  Nokia5110_OutChar             
0000d19b  Nokia5110_OutCharInv          
0000cfd5  Nokia5110_OutDec              
0000d271  Nokia5110_OutSpecial          
0000ca05  Nokia5110_OutString           
0000d22d  Nokia5110_OutStringInv        
0000ca31  Nokia5110_OutUDec             
0000ccfd  Nokia5110_PrintBMP            
0000cc35  Nokia5110_SetCursor           
0000d3a5  Nokia5110_SetPixel            
0000d475  Nokia5110_getHeight           
0000d467  Nokia5110_getWidth            
0000cf61  PLL_Init                      
0000af05  Pause                         
0000dc89  ResetISR                      
20000fc0  Screen                        
00009a33  SelectionScreen               
00009875  Setup                         
00009ef5  StoryScreen                   
0000b021  SurvivorMode                  
0000d74d  SysCtlClockGet                
0000d85d  SysCtlClockSet                
0000dca1  SysCtlDelay                   
0000db4d  SysCtlPeripheralEnable        
0000dc1d  SysTickEnable                 
0000dc45  SysTickPeriodSet              
0000dc71  SysTickValueGet               
00002c38  TitleLogo                     
000098e5  TitleScreen                   
200015e0  __STACK_END                   
00000200  __STACK_SIZE                  
200015e0  __STACK_TOP                   
0000de50  __TI_CINIT_Base               
0000de60  __TI_CINIT_Limit              
0000de3c  __TI_Handler_Table_Base       
0000de48  __TI_Handler_Table_Limit      
0000dad1  __TI_auto_init_nobinit_nopinit
0000da67  __TI_decompress_lzss          
0000dc55  __TI_decompress_none          
ffffffff  __TI_pprof_out_hndl           
ffffffff  __TI_prof_data_size           
ffffffff  __TI_prof_data_start          
00000000  __TI_static_base__            
0000dc7d  __TI_zero_init                
0000d9ed  __aeabi_memclr                
0000d9ed  __aeabi_memclr4               
0000d9ed  __aeabi_memclr8               
0000d951  __aeabi_memcpy                
0000d951  __aeabi_memcpy4               
0000d951  __aeabi_memcpy8               
0000d9ef  __aeabi_memset                
0000d9ef  __aeabi_memset4               
0000d9ef  __aeabi_memset8               
ffffffff  __binit__                     
ffffffff  __c_args__                    
UNDEFED   __mpu_init                    
200013e0  __stack                       
0000db15  _c_int00_noargs               
2000139c  _lock                         
0000c83b  _nop                          
UNDEFED   _system_post_cinit            
0000dca7  _system_pre_init              
200013a0  _unlock                       
0000dcab  abort                         
00008393  attack                        
ffffffff  binit                         
00009440  blackseta                     
00004eb7  butialready                   
0000966c  button0                       
000096f3  button1                       
000054ce  buttonmtx                     
00005a7e  candle_2                      
00005b75  candle_3                      
2000130c  candle_sprites                
00008c36  cinco                         
200013a4  cucco_array                   
00005c6c  cucco_left_1                  
00005d63  cucco_left_2                  
00005e5a  cucco_mad_left_1              
00005f51  cucco_mad_left_2              
00006048  cucco_mad_right_1             
0000613f  cucco_mad_right_2             
00006236  cucco_right_1                 
0000632d  cucco_right_2                 
200011ec  cucco_sprites_1               
20001204  cucco_sprites_2               
00006424  defeated_1                    
0000651b  defeated_2                    
00006612  defeated_3                    
00008cc9  dois                          
00008446  down                          
2000121c  enemy_array                   
00000000  g_pfnVectors                  
200013d8  global_life                   
200013ac  grand_cucco_array             
00003611  grand_cucco_left_1            
00003888  grand_cucco_left_2            
00003aff  grand_cucco_right_1           
00003d76  grand_cucco_right_2           
20001234  grand_cucco_sprites_1         
2000124c  grand_cucco_sprites_2         
00003fed  grand_defeated_2              
00004264  grand_defeated_3              
200013b4  grand_madcucco_array          
000044db  grand_madcucco_left_1         
00004752  grand_madcucco_left_2         
000049c9  grand_madcucco_right_1        
00004c40  grand_madcucco_right_2        
20001264  grand_madcucco_sprites_1      
2000127c  grand_madcucco_sprites_2      
00008017  grass_alive                   
200013bc  grass_array                   
000080fe  grass_cutted_1                
000081e5  grass_cutted_2                
20001294  grass_sprites                 
00008d5c  heart_empty                   
00008def  heart_full                    
00008e82  heart_half                    
200013db  highscore                     
00002faf  highscoremenu                 
00007f28  instructions                  
000094cb  invseta                       
00008a61  left                          
200011b8  lifebar_heart                 
2000131c  link_attack                   
00006709  link_dead                     
00006800  link_down_1                   
000068f7  link_down_2                   
000069ee  link_down_attack              
00006ae5  link_left_1                   
00006bdc  link_left_2                   
00006cd3  link_left_attack              
00006dca  link_right_1                  
00006ec1  link_right_2                  
00006fb8  link_right_attack             
000070af  link_up_1                     
000071a6  link_up_2                     
0000729d  link_up_attack                
2000132c  link_walk_1                   
2000133c  link_walk_2                   
200013c4  madcucco_array                
200012ac  madcucco_sprites_1            
200012c4  madcucco_sprites_2            
0000dc63  main                          
0000026c  malon_house                   
00007394  malon_sing_down               
0000748b  malon_sing_left               
00007582  malon_sing_right              
2000134c  malon_sprite                  
0000d951  memcpy                        
0000d9f5  memset                        
0000288d  menu_options                  
00000b23  menubg                        
200013da  mode                          
00008f15  nove                          
200011c4  number                        
00008fa8  oito                          
200013cc  oldman_array                  
00007679  oldman_down_1                 
00007770  oldman_down_2                 
00007867  oldman_left_1                 
0000795e  oldman_left_2                 
00007a55  oldman_right_1                
00007b4c  oldman_right_2                
200012dc  oldman_sprites_1              
200012f4  oldman_sprites_2              
00007c43  oldman_up_1                   
00007d3a  oldman_up_2                   
000084f9  pause                         
000057f0  pausemenu                     
000050f6  playwithhim                   
00007e31  poison                        
0000903b  quatro                        
0000db81  rand                          
000085ac  right                         
000090ce  seis                          
00009556  seta                          
00009161  sete                          
000082cc  signature                     
0000dbe1  srand                         
0000207f  story_1                       
000032e2  story_2                       
00002486  story_3                       
200013d9  survivor_points               
0000865f  sword_down                    
00008b00  sword_half_down               
000087c5  sword_half_left               
0000886c  sword_half_right              
2000135c  sword_half_sprite             
00008b9b  sword_half_up                 
00008913  sword_left                    
2000136c  sword_position_x              
2000137c  sword_position_y              
000089ba  sword_right                   
2000138c  sword_sprite                  
00008712  sword_up                      
00005675  thanks                        
00005947  thankyoulink                  
000091f4  tres                          
00009287  um                            
000095e1  up                            
20000000  warmap                        
0000931a  zero                          


GLOBAL SYMBOLS: SORTED BY Symbol Address 

address   name                          
-------   ----                          
00000000  __TI_static_base__            
00000000  g_pfnVectors                  
00000200  __STACK_SIZE                  
0000026c  malon_house                   
00000b23  menubg                        
000013da  GameOver2                     
00001811  GameOver3                     
00001c48  GameOver                      
0000207f  story_1                       
00002486  story_3                       
0000288d  menu_options                  
00002c38  TitleLogo                     
00002faf  highscoremenu                 
000032e2  story_2                       
00003611  grand_cucco_left_1            
00003888  grand_cucco_left_2            
00003aff  grand_cucco_right_1           
00003d76  grand_cucco_right_2           
00003fed  grand_defeated_2              
00004264  grand_defeated_3              
000044db  grand_madcucco_left_1         
00004752  grand_madcucco_left_2         
000049c9  grand_madcucco_right_1        
00004c40  grand_madcucco_right_2        
00004eb7  butialready                   
000050f6  playwithhim                   
000054ce  buttonmtx                     
00005675  thanks                        
000057f0  pausemenu                     
00005947  thankyoulink                  
00005a7e  candle_2                      
00005b75  candle_3                      
00005c6c  cucco_left_1                  
00005d63  cucco_left_2                  
00005e5a  cucco_mad_left_1              
00005f51  cucco_mad_left_2              
00006048  cucco_mad_right_1             
0000613f  cucco_mad_right_2             
00006236  cucco_right_1                 
0000632d  cucco_right_2                 
00006424  defeated_1                    
0000651b  defeated_2                    
00006612  defeated_3                    
00006709  link_dead                     
00006800  link_down_1                   
000068f7  link_down_2                   
000069ee  link_down_attack              
00006ae5  link_left_1                   
00006bdc  link_left_2                   
00006cd3  link_left_attack              
00006dca  link_right_1                  
00006ec1  link_right_2                  
00006fb8  link_right_attack             
000070af  link_up_1                     
000071a6  link_up_2                     
0000729d  link_up_attack                
00007394  malon_sing_down               
0000748b  malon_sing_left               
00007582  malon_sing_right              
00007679  oldman_down_1                 
00007770  oldman_down_2                 
00007867  oldman_left_1                 
0000795e  oldman_left_2                 
00007a55  oldman_right_1                
00007b4c  oldman_right_2                
00007c43  oldman_up_1                   
00007d3a  oldman_up_2                   
00007e31  poison                        
00007f28  instructions                  
00008017  grass_alive                   
000080fe  grass_cutted_1                
000081e5  grass_cutted_2                
000082cc  signature                     
00008393  attack                        
00008446  down                          
000084f9  pause                         
000085ac  right                         
0000865f  sword_down                    
00008712  sword_up                      
000087c5  sword_half_left               
0000886c  sword_half_right              
00008913  sword_left                    
000089ba  sword_right                   
00008a61  left                          
00008b00  sword_half_down               
00008b9b  sword_half_up                 
00008c36  cinco                         
00008cc9  dois                          
00008d5c  heart_empty                   
00008def  heart_full                    
00008e82  heart_half                    
00008f15  nove                          
00008fa8  oito                          
0000903b  quatro                        
000090ce  seis                          
00009161  sete                          
000091f4  tres                          
00009287  um                            
0000931a  zero                          
00009440  blackseta                     
000094cb  invseta                       
00009556  seta                          
000095e1  up                            
0000966c  button0                       
000096f3  button1                       
00009860  Masks                         
00009875  Setup                         
000098a1  GetSwitch                     
000098e5  TitleScreen                   
00009a33  SelectionScreen               
00009bfd  InstructionScreen             
00009ef5  StoryScreen                   
0000a151  HighScoreScreen               
0000a23d  NewGame                       
0000ae11  Lifebar_Update                
0000af05  Pause                         
0000b021  SurvivorMode                  
0000b219  DisplayScore                  
0000b289  Level_New                     
0000b407  Level_WarMapStart             
0000b475  Level_WarMapUpdate            
0000b599  Level_WarMapClear             
0000b625  Level_WarMapCheckEnemy        
0000b70d  Link_New                      
0000b7a1  Link_Move                     
0000bcf1  Link_Attack                   
0000bdfd  Link_IsAttacked               
0000c04f  Link_LifeLoss                 
0000c07b  Link_IsDead                   
0000c13f  Enemy_New                     
0000c1f5  Enemy_Move                    
0000c83b  _nop                          
0000c8ab  Nokia5110_Init                
0000c9c5  Nokia5110_OutChar             
0000ca05  Nokia5110_OutString           
0000ca31  Nokia5110_OutUDec             
0000cc35  Nokia5110_SetCursor           
0000cc85  Nokia5110_Clear               
0000ccb5  Nokia5110_DrawFullImage       
0000ccfd  Nokia5110_PrintBMP            
0000cee1  Nokia5110_ClearBuffer         
0000cf0b  Nokia5110_DisplayBuffer       
0000cf15  Nokia5110_ClearPixel          
0000cf3b  Nokia5110_DrawPixel           
0000cf61  PLL_Init                      
0000cfd5  Nokia5110_OutDec              
0000d19b  Nokia5110_OutCharInv          
0000d22d  Nokia5110_OutStringInv        
0000d271  Nokia5110_OutSpecial          
0000d2b9  Nokia5110_DrawChar            
0000d2f1  Nokia5110_DrawHLine           
0000d34b  Nokia5110_DrawVLine           
0000d3a5  Nokia5110_SetPixel            
0000d3dd  Nokia5110_ClearBitmap         
0000d467  Nokia5110_getWidth            
0000d475  Nokia5110_getHeight           
0000d48d  ConfigureButtons              
0000d4d7  GetColumn                     
0000d51d  GetButton                     
0000d619  GPIOPadConfigSet              
0000d74d  SysCtlClockGet                
0000d85d  SysCtlClockSet                
0000d951  __aeabi_memcpy                
0000d951  __aeabi_memcpy4               
0000d951  __aeabi_memcpy8               
0000d951  memcpy                        
0000d9ed  __aeabi_memclr                
0000d9ed  __aeabi_memclr4               
0000d9ed  __aeabi_memclr8               
0000d9ef  __aeabi_memset                
0000d9ef  __aeabi_memset4               
0000d9ef  __aeabi_memset8               
0000d9f5  memset                        
0000da67  __TI_decompress_lzss          
0000dad1  __TI_auto_init_nobinit_nopinit
0000db15  _c_int00_noargs               
0000db4d  SysCtlPeripheralEnable        
0000db81  rand                          
0000dbb5  GPIODirModeSet                
0000dbe1  srand                         
0000dc05  GPIOPinTypeGPIOOutput         
0000dc1d  SysTickEnable                 
0000dc31  GPIOPinTypeGPIOInput          
0000dc45  SysTickPeriodSet              
0000dc55  __TI_decompress_none          
0000dc63  main                          
0000dc71  SysTickValueGet               
0000dc7d  __TI_zero_init                
0000dc89  ResetISR                      
0000dc95  GPIOPinRead                   
0000dc9b  GPIOPinWrite                  
0000dca1  SysCtlDelay                   
0000dca7  _system_pre_init              
0000dcab  C$$EXIT                       
0000dcab  abort                         
0000de3c  __TI_Handler_Table_Base       
0000de48  __TI_Handler_Table_Limit      
0000de50  __TI_CINIT_Base               
0000de60  __TI_CINIT_Limit              
20000000  warmap                        
20000fc0  Screen                        
200011b8  lifebar_heart                 
200011c4  number                        
200011ec  cucco_sprites_1               
20001204  cucco_sprites_2               
2000121c  enemy_array                   
20001234  grand_cucco_sprites_1         
2000124c  grand_cucco_sprites_2         
20001264  grand_madcucco_sprites_1      
2000127c  grand_madcucco_sprites_2      
20001294  grass_sprites                 
200012ac  madcucco_sprites_1            
200012c4  madcucco_sprites_2            
200012dc  oldman_sprites_1              
200012f4  oldman_sprites_2              
2000130c  candle_sprites                
2000131c  link_attack                   
2000132c  link_walk_1                   
2000133c  link_walk_2                   
2000134c  malon_sprite                  
2000135c  sword_half_sprite             
2000136c  sword_position_x              
2000137c  sword_position_y              
2000138c  sword_sprite                  
2000139c  _lock                         
200013a0  _unlock                       
200013a4  cucco_array                   
200013ac  grand_cucco_array             
200013b4  grand_madcucco_array          
200013bc  grass_array                   
200013c4  madcucco_array                
200013cc  oldman_array                  
200013d8  global_life                   
200013d9  survivor_points               
200013da  mode                          
200013db  highscore                     
200013e0  __stack                       
200015e0  __STACK_END                   
200015e0  __STACK_TOP                   
ffffffff  __TI_pprof_out_hndl           
ffffffff  __TI_prof_data_size           
ffffffff  __TI_prof_data_start          
ffffffff  __binit__                     
ffffffff  __c_args__                    
ffffffff  binit                         
UNDEFED   __mpu_init                    
UNDEFED   _system_post_cinit            

[247 symbols]
