<?xml version="1.0" encoding="ISO-8859-1" ?>
<link_info>
   <banner>TI ARM Linker Unix v18.1.3.LTS</banner>
   <copyright>Copyright (c) 1996-2017 Texas Instruments Incorporated</copyright>
   <link_time>0x5bf6a062</link_time>
   <link_errors>0x0</link_errors>
   <output_file>Wings of Cucco.out</output_file>
   <entry_point>
      <name>_c_int00_noargs</name>
      <address>0xdb15</address>
   </entry_point>
   <input_file_list>
      <input_file id="fl-1">
         <path>./</path>
         <kind>object</kind>
         <file>Nokia5110.obj</file>
         <name>Nokia5110.obj</name>
      </input_file>
      <input_file id="fl-2">
         <path>./</path>
         <kind>object</kind>
         <file>actions.obj</file>
         <name>actions.obj</name>
      </input_file>
      <input_file id="fl-3">
         <path>./</path>
         <kind>object</kind>
         <file>buttons.obj</file>
         <name>buttons.obj</name>
      </input_file>
      <input_file id="fl-4">
         <path>./</path>
         <kind>object</kind>
         <file>main.obj</file>
         <name>main.obj</name>
      </input_file>
      <input_file id="fl-5">
         <path>./</path>
         <kind>object</kind>
         <file>tm4c123gh6pm_startup_ccs.obj</file>
         <name>tm4c123gh6pm_startup_ccs.obj</name>
      </input_file>
      <input_file id="fl-a">
         <kind>object</kind>
         <file>&lt;internal&gt;</file>
         <name>&lt;internal&gt;</name>
      </input_file>
      <input_file id="fl-b">
         <path>/home/mairon/ti/TivaWare_C_Series/driverlib/ccs/Debug/</path>
         <kind>archive</kind>
         <file>driverlib.lib</file>
         <name>gpio.obj</name>
      </input_file>
      <input_file id="fl-c">
         <path>/home/mairon/ti/TivaWare_C_Series/driverlib/ccs/Debug/</path>
         <kind>archive</kind>
         <file>driverlib.lib</file>
         <name>interrupt.obj</name>
      </input_file>
      <input_file id="fl-d">
         <path>/home/mairon/ti/TivaWare_C_Series/driverlib/ccs/Debug/</path>
         <kind>archive</kind>
         <file>driverlib.lib</file>
         <name>sysctl.obj</name>
      </input_file>
      <input_file id="fl-e">
         <path>/home/mairon/ti/TivaWare_C_Series/driverlib/ccs/Debug/</path>
         <kind>archive</kind>
         <file>driverlib.lib</file>
         <name>systick.obj</name>
      </input_file>
      <input_file id="fl-f">
         <path>/home/mairon/ti/TivaWare_C_Series/driverlib/ccs/Debug/</path>
         <kind>archive</kind>
         <file>driverlib.lib</file>
         <name>cpu.obj</name>
      </input_file>
      <input_file id="fl-c5">
         <path>/home/mairon/ti/ccsv8/tools/compiler/ti-cgt-arm_18.1.3.LTS/lib/</path>
         <kind>archive</kind>
         <file>rtsv7M4_T_le_v4SPD16_eabi.lib</file>
         <name>memcpy_t2.asm.obj</name>
      </input_file>
      <input_file id="fl-c6">
         <path>/home/mairon/ti/ccsv8/tools/compiler/ti-cgt-arm_18.1.3.LTS/lib/</path>
         <kind>archive</kind>
         <file>rtsv7M4_T_le_v4SPD16_eabi.lib</file>
         <name>copy_zero_init.c.obj</name>
      </input_file>
      <input_file id="fl-c7">
         <path>/home/mairon/ti/ccsv8/tools/compiler/ti-cgt-arm_18.1.3.LTS/lib/</path>
         <kind>archive</kind>
         <file>rtsv7M4_T_le_v4SPD16_eabi.lib</file>
         <name>copy_decompress_none.c.obj</name>
      </input_file>
      <input_file id="fl-c8">
         <path>/home/mairon/ti/ccsv8/tools/compiler/ti-cgt-arm_18.1.3.LTS/lib/</path>
         <kind>archive</kind>
         <file>rtsv7M4_T_le_v4SPD16_eabi.lib</file>
         <name>copy_decompress_lzss.c.obj</name>
      </input_file>
      <input_file id="fl-c9">
         <path>/home/mairon/ti/ccsv8/tools/compiler/ti-cgt-arm_18.1.3.LTS/lib/</path>
         <kind>archive</kind>
         <file>rtsv7M4_T_le_v4SPD16_eabi.lib</file>
         <name>rand.c.obj</name>
      </input_file>
      <input_file id="fl-ca">
         <path>/home/mairon/ti/ccsv8/tools/compiler/ti-cgt-arm_18.1.3.LTS/lib/</path>
         <kind>archive</kind>
         <file>rtsv7M4_T_le_v4SPD16_eabi.lib</file>
         <name>boot_cortex_m.c.obj</name>
      </input_file>
      <input_file id="fl-cb">
         <path>/home/mairon/ti/ccsv8/tools/compiler/ti-cgt-arm_18.1.3.LTS/lib/</path>
         <kind>archive</kind>
         <file>rtsv7M4_T_le_v4SPD16_eabi.lib</file>
         <name>memset_t2.asm.obj</name>
      </input_file>
      <input_file id="fl-cc">
         <path>/home/mairon/ti/ccsv8/tools/compiler/ti-cgt-arm_18.1.3.LTS/lib/</path>
         <kind>archive</kind>
         <file>rtsv7M4_T_le_v4SPD16_eabi.lib</file>
         <name>autoinit.c.obj</name>
      </input_file>
      <input_file id="fl-cd">
         <path>/home/mairon/ti/ccsv8/tools/compiler/ti-cgt-arm_18.1.3.LTS/lib/</path>
         <kind>archive</kind>
         <file>rtsv7M4_T_le_v4SPD16_eabi.lib</file>
         <name>pre_init.c.obj</name>
      </input_file>
      <input_file id="fl-ce">
         <path>/home/mairon/ti/ccsv8/tools/compiler/ti-cgt-arm_18.1.3.LTS/lib/</path>
         <kind>archive</kind>
         <file>rtsv7M4_T_le_v4SPD16_eabi.lib</file>
         <name>cpy_tbl.c.obj</name>
      </input_file>
      <input_file id="fl-cf">
         <path>/home/mairon/ti/ccsv8/tools/compiler/ti-cgt-arm_18.1.3.LTS/lib/</path>
         <kind>archive</kind>
         <file>rtsv7M4_T_le_v4SPD16_eabi.lib</file>
         <name>exit.c.obj</name>
      </input_file>
      <input_file id="fl-d0">
         <path>/home/mairon/ti/ccsv8/tools/compiler/ti-cgt-arm_18.1.3.LTS/lib/</path>
         <kind>archive</kind>
         <file>rtsv7M4_T_le_v4SPD16_eabi.lib</file>
         <name>_lock.c.obj</name>
      </input_file>
      <input_file id="fl-d1">
         <path>/home/mairon/ti/ccsv8/tools/compiler/ti-cgt-arm_18.1.3.LTS/lib/</path>
         <kind>archive</kind>
         <file>rtsv7M4_T_le_v4SPD16_eabi.lib</file>
         <name>args_main.c.obj</name>
      </input_file>
   </input_file_list>
   <object_component_list>
      <object_component id="oc-f">
         <name>.intvecs</name>
         <load_address>0x0</load_address>
         <run_address>0x0</run_address>
         <size>0x26c</size>
         <input_file_ref idref="fl-5"/>
      </object_component>
      <object_component id="oc-c1">
         <name>.text</name>
         <load_address>0x9874</load_address>
         <run_address>0x9874</run_address>
         <size>0x2fc6</size>
         <input_file_ref idref="fl-2"/>
      </object_component>
      <object_component id="oc-383">
         <name>.text:_nop</name>
         <load_address>0xc83a</load_address>
         <run_address>0xc83a</run_address>
         <size>0x2</size>
         <input_file_ref idref="fl-d0"/>
      </object_component>
      <object_component id="oc-11f">
         <name>.text</name>
         <load_address>0xc83c</load_address>
         <run_address>0xc83c</run_address>
         <size>0xc50</size>
         <input_file_ref idref="fl-1"/>
      </object_component>
      <object_component id="oc-125">
         <name>.text</name>
         <load_address>0xd48c</load_address>
         <run_address>0xd48c</run_address>
         <size>0x18c</size>
         <input_file_ref idref="fl-3"/>
      </object_component>
      <object_component id="oc-262">
         <name>.text:GPIOPadConfigSet</name>
         <load_address>0xd618</load_address>
         <run_address>0xd618</run_address>
         <size>0x132</size>
         <input_file_ref idref="fl-b"/>
      </object_component>
      <object_component id="oc-12b">
         <name>.text:SysCtlClockGet</name>
         <load_address>0xd74c</load_address>
         <run_address>0xd74c</run_address>
         <size>0x110</size>
         <input_file_ref idref="fl-d"/>
      </object_component>
      <object_component id="oc-10d">
         <name>.text:SysCtlClockSet</name>
         <load_address>0xd85c</load_address>
         <run_address>0xd85c</run_address>
         <size>0xf4</size>
         <input_file_ref idref="fl-d"/>
      </object_component>
      <object_component id="oc-38">
         <name>.text</name>
         <load_address>0xd950</load_address>
         <run_address>0xd950</run_address>
         <size>0x9c</size>
         <input_file_ref idref="fl-c5"/>
      </object_component>
      <object_component id="oc-8c">
         <name>.text</name>
         <load_address>0xd9ec</load_address>
         <run_address>0xd9ec</run_address>
         <size>0x7a</size>
         <input_file_ref idref="fl-cb"/>
      </object_component>
      <object_component id="oc-12">
         <name>.text:decompress:lzss:__TI_decompress_lzss</name>
         <load_address>0xda66</load_address>
         <run_address>0xda66</run_address>
         <size>0x68</size>
         <input_file_ref idref="fl-c8"/>
      </object_component>
      <object_component id="oc-d9">
         <name>.text:__TI_auto_init_nobinit_nopinit:__TI_auto_init_nobinit_nopinit</name>
         <load_address>0xdad0</load_address>
         <run_address>0xdad0</run_address>
         <size>0x44</size>
         <input_file_ref idref="fl-cc"/>
      </object_component>
      <object_component id="oc-56">
         <name>.text:_c_int00_noargs:_c_int00_noargs</name>
         <load_address>0xdb14</load_address>
         <run_address>0xdb14</run_address>
         <size>0x38</size>
         <input_file_ref idref="fl-ca"/>
      </object_component>
      <object_component id="oc-256">
         <name>.text:SysCtlPeripheralEnable</name>
         <load_address>0xdb4c</load_address>
         <run_address>0xdb4c</run_address>
         <size>0x34</size>
         <input_file_ref idref="fl-d"/>
      </object_component>
      <object_component id="oc-1e0">
         <name>.text:rand</name>
         <load_address>0xdb80</load_address>
         <run_address>0xdb80</run_address>
         <size>0x34</size>
         <input_file_ref idref="fl-c9"/>
      </object_component>
      <object_component id="oc-3b2">
         <name>.text:GPIODirModeSet</name>
         <load_address>0xdbb4</load_address>
         <run_address>0xdbb4</run_address>
         <size>0x2a</size>
         <input_file_ref idref="fl-b"/>
      </object_component>
      <object_component id="oc-1da">
         <name>.text:srand</name>
         <load_address>0xdbe0</load_address>
         <run_address>0xdbe0</run_address>
         <size>0x24</size>
         <input_file_ref idref="fl-c9"/>
      </object_component>
      <object_component id="oc-268">
         <name>.text:GPIOPinTypeGPIOOutput</name>
         <load_address>0xdc04</load_address>
         <run_address>0xdc04</run_address>
         <size>0x18</size>
         <input_file_ref idref="fl-b"/>
      </object_component>
      <object_component id="oc-119">
         <name>.text:SysTickEnable</name>
         <load_address>0xdc1c</load_address>
         <run_address>0xdc1c</run_address>
         <size>0x14</size>
         <input_file_ref idref="fl-e"/>
      </object_component>
      <object_component id="oc-25c">
         <name>.text:GPIOPinTypeGPIOInput</name>
         <load_address>0xdc30</load_address>
         <run_address>0xdc30</run_address>
         <size>0x12</size>
         <input_file_ref idref="fl-b"/>
      </object_component>
      <object_component id="oc-113">
         <name>.text:SysTickPeriodSet</name>
         <load_address>0xdc44</load_address>
         <run_address>0xdc44</run_address>
         <size>0x10</size>
         <input_file_ref idref="fl-e"/>
      </object_component>
      <object_component id="oc-18">
         <name>.text:decompress:none:__TI_decompress_none</name>
         <load_address>0xdc54</load_address>
         <run_address>0xdc54</run_address>
         <size>0xe</size>
         <input_file_ref idref="fl-c7"/>
      </object_component>
      <object_component id="oc-98">
         <name>.text</name>
         <load_address>0xdc62</load_address>
         <run_address>0xdc62</run_address>
         <size>0xe</size>
         <input_file_ref idref="fl-4"/>
      </object_component>
      <object_component id="oc-1d4">
         <name>.text:SysTickValueGet</name>
         <load_address>0xdc70</load_address>
         <run_address>0xdc70</run_address>
         <size>0xc</size>
         <input_file_ref idref="fl-e"/>
      </object_component>
      <object_component id="oc-4a">
         <name>.text:decompress:ZI:__TI_zero_init</name>
         <load_address>0xdc7c</load_address>
         <run_address>0xdc7c</run_address>
         <size>0xc</size>
         <input_file_ref idref="fl-c6"/>
      </object_component>
      <object_component id="oc-24">
         <name>.text</name>
         <load_address>0xdc88</load_address>
         <run_address>0xdc88</run_address>
         <size>0xc</size>
         <input_file_ref idref="fl-5"/>
      </object_component>
      <object_component id="oc-26e">
         <name>.text:GPIOPinRead</name>
         <load_address>0xdc94</load_address>
         <run_address>0xdc94</run_address>
         <size>0x6</size>
         <input_file_ref idref="fl-b"/>
      </object_component>
      <object_component id="oc-274">
         <name>.text:GPIOPinWrite</name>
         <load_address>0xdc9a</load_address>
         <run_address>0xdc9a</run_address>
         <size>0x6</size>
         <input_file_ref idref="fl-b"/>
      </object_component>
      <object_component id="oc-131">
         <name>.text:SysCtlDelay</name>
         <load_address>0xdca0</load_address>
         <run_address>0xdca0</run_address>
         <size>0x6</size>
         <input_file_ref idref="fl-d"/>
      </object_component>
      <object_component id="oc-92">
         <name>.text:_system_pre_init</name>
         <load_address>0xdca6</load_address>
         <run_address>0xdca6</run_address>
         <size>0x4</size>
         <input_file_ref idref="fl-cd"/>
      </object_component>
      <object_component id="oc-cd">
         <name>.text:abort:abort</name>
         <load_address>0xdcaa</load_address>
         <run_address>0xdcaa</run_address>
         <size>0x4</size>
         <input_file_ref idref="fl-cf"/>
      </object_component>
      <object_component id="oc-18b">
         <name>.const:.string:malon_house</name>
         <load_address>0x26c</load_address>
         <run_address>0x26c</run_address>
         <size>0x8b7</size>
         <input_file_ref idref="fl-2"/>
      </object_component>
      <object_component id="oc-152">
         <name>.const:.string:menubg</name>
         <load_address>0xb23</load_address>
         <run_address>0xb23</run_address>
         <size>0x8b7</size>
         <input_file_ref idref="fl-2"/>
      </object_component>
      <object_component id="oc-20d">
         <name>.const:.string:GameOver2</name>
         <load_address>0x13da</load_address>
         <run_address>0x13da</run_address>
         <size>0x437</size>
         <input_file_ref idref="fl-2"/>
      </object_component>
      <object_component id="oc-20a">
         <name>.const:.string:GameOver3</name>
         <load_address>0x1811</load_address>
         <run_address>0x1811</run_address>
         <size>0x437</size>
         <input_file_ref idref="fl-2"/>
      </object_component>
      <object_component id="oc-210">
         <name>.const:.string:GameOver</name>
         <load_address>0x1c48</load_address>
         <run_address>0x1c48</run_address>
         <size>0x437</size>
         <input_file_ref idref="fl-2"/>
      </object_component>
      <object_component id="oc-188">
         <name>.const:.string:story_1</name>
         <load_address>0x207f</load_address>
         <run_address>0x207f</run_address>
         <size>0x407</size>
         <input_file_ref idref="fl-2"/>
      </object_component>
      <object_component id="oc-197">
         <name>.const:.string:story_3</name>
         <load_address>0x2486</load_address>
         <run_address>0x2486</run_address>
         <size>0x407</size>
         <input_file_ref idref="fl-2"/>
      </object_component>
      <object_component id="oc-14c">
         <name>.const:.string:menu_options</name>
         <load_address>0x288d</load_address>
         <run_address>0x288d</run_address>
         <size>0x3ab</size>
         <input_file_ref idref="fl-2"/>
      </object_component>
      <object_component id="oc-13a">
         <name>.const:.string:TitleLogo</name>
         <load_address>0x2c38</load_address>
         <run_address>0x2c38</run_address>
         <size>0x377</size>
         <input_file_ref idref="fl-2"/>
      </object_component>
      <object_component id="oc-1a3">
         <name>.const:.string:highscoremenu</name>
         <load_address>0x2faf</load_address>
         <run_address>0x2faf</run_address>
         <size>0x333</size>
         <input_file_ref idref="fl-2"/>
      </object_component>
      <object_component id="oc-191">
         <name>.const:.string:story_2</name>
         <load_address>0x32e2</load_address>
         <run_address>0x32e2</run_address>
         <size>0x32f</size>
         <input_file_ref idref="fl-2"/>
      </object_component>
      <object_component id="oc-468">
         <name>.const:.string:grand_cucco_left_1</name>
         <load_address>0x3611</load_address>
         <run_address>0x3611</run_address>
         <size>0x277</size>
         <input_file_ref idref="fl-2"/>
      </object_component>
      <object_component id="oc-476">
         <name>.const:.string:grand_cucco_left_2</name>
         <load_address>0x3888</load_address>
         <run_address>0x3888</run_address>
         <size>0x277</size>
         <input_file_ref idref="fl-2"/>
      </object_component>
      <object_component id="oc-465">
         <name>.const:.string:grand_cucco_right_1</name>
         <load_address>0x3aff</load_address>
         <run_address>0x3aff</run_address>
         <size>0x277</size>
         <input_file_ref idref="fl-2"/>
      </object_component>
      <object_component id="oc-473">
         <name>.const:.string:grand_cucco_right_2</name>
         <load_address>0x3d76</load_address>
         <run_address>0x3d76</run_address>
         <size>0x277</size>
         <input_file_ref idref="fl-2"/>
      </object_component>
      <object_component id="oc-46e">
         <name>.const:.string:grand_defeated_2</name>
         <load_address>0x3fed</load_address>
         <run_address>0x3fed</run_address>
         <size>0x277</size>
         <input_file_ref idref="fl-2"/>
      </object_component>
      <object_component id="oc-46b">
         <name>.const:.string:grand_defeated_3</name>
         <load_address>0x4264</load_address>
         <run_address>0x4264</run_address>
         <size>0x277</size>
         <input_file_ref idref="fl-2"/>
      </object_component>
      <object_component id="oc-47e">
         <name>.const:.string:grand_madcucco_left_1</name>
         <load_address>0x44db</load_address>
         <run_address>0x44db</run_address>
         <size>0x277</size>
         <input_file_ref idref="fl-2"/>
      </object_component>
      <object_component id="oc-486">
         <name>.const:.string:grand_madcucco_left_2</name>
         <load_address>0x4752</load_address>
         <run_address>0x4752</run_address>
         <size>0x277</size>
         <input_file_ref idref="fl-2"/>
      </object_component>
      <object_component id="oc-47b">
         <name>.const:.string:grand_madcucco_right_1</name>
         <load_address>0x49c9</load_address>
         <run_address>0x49c9</run_address>
         <size>0x277</size>
         <input_file_ref idref="fl-2"/>
      </object_component>
      <object_component id="oc-483">
         <name>.const:.string:grand_madcucco_right_2</name>
         <load_address>0x4c40</load_address>
         <run_address>0x4c40</run_address>
         <size>0x277</size>
         <input_file_ref idref="fl-2"/>
      </object_component>
      <object_component id="oc-1c2">
         <name>.const:.string:butialready</name>
         <load_address>0x4eb7</load_address>
         <run_address>0x4eb7</run_address>
         <size>0x23f</size>
         <input_file_ref idref="fl-2"/>
      </object_component>
      <object_component id="oc-1c5">
         <name>.const:.string:playwithhim</name>
         <load_address>0x50f6</load_address>
         <run_address>0x50f6</run_address>
         <size>0x1f3</size>
         <input_file_ref idref="fl-2"/>
      </object_component>
      <object_component id="oc-246">
         <name>.const:ASCII</name>
         <load_address>0x52e9</load_address>
         <run_address>0x52e9</run_address>
         <size>0x1e5</size>
         <input_file_ref idref="fl-1"/>
      </object_component>
      <object_component id="oc-15b">
         <name>.const:.string:buttonmtx</name>
         <load_address>0x54ce</load_address>
         <run_address>0x54ce</run_address>
         <size>0x1a7</size>
         <input_file_ref idref="fl-2"/>
      </object_component>
      <object_component id="oc-1c8">
         <name>.const:.string:thanks</name>
         <load_address>0x5675</load_address>
         <run_address>0x5675</run_address>
         <size>0x17b</size>
         <input_file_ref idref="fl-2"/>
      </object_component>
      <object_component id="oc-1e6">
         <name>.const:.string:pausemenu</name>
         <load_address>0x57f0</load_address>
         <run_address>0x57f0</run_address>
         <size>0x157</size>
         <input_file_ref idref="fl-2"/>
      </object_component>
      <object_component id="oc-1be">
         <name>.const:.string:thankyoulink</name>
         <load_address>0x5947</load_address>
         <run_address>0x5947</run_address>
         <size>0x137</size>
         <input_file_ref idref="fl-2"/>
      </object_component>
      <object_component id="oc-2d8">
         <name>.const:.string:candle_2</name>
         <load_address>0x5a7e</load_address>
         <run_address>0x5a7e</run_address>
         <size>0xf7</size>
         <input_file_ref idref="fl-2"/>
      </object_component>
      <object_component id="oc-2db">
         <name>.const:.string:candle_3</name>
         <load_address>0x5b75</load_address>
         <run_address>0x5b75</run_address>
         <size>0xf7</size>
         <input_file_ref idref="fl-2"/>
      </object_component>
      <object_component id="oc-146">
         <name>.const:.string:cucco_left_1</name>
         <load_address>0x5c6c</load_address>
         <run_address>0x5c6c</run_address>
         <size>0xf7</size>
         <input_file_ref idref="fl-2"/>
      </object_component>
      <object_component id="oc-149">
         <name>.const:.string:cucco_left_2</name>
         <load_address>0x5d63</load_address>
         <run_address>0x5d63</run_address>
         <size>0xf7</size>
         <input_file_ref idref="fl-2"/>
      </object_component>
      <object_component id="oc-48e">
         <name>.const:.string:cucco_mad_left_1</name>
         <load_address>0x5e5a</load_address>
         <run_address>0x5e5a</run_address>
         <size>0xf7</size>
         <input_file_ref idref="fl-2"/>
      </object_component>
      <object_component id="oc-496">
         <name>.const:.string:cucco_mad_left_2</name>
         <load_address>0x5f51</load_address>
         <run_address>0x5f51</run_address>
         <size>0xf7</size>
         <input_file_ref idref="fl-2"/>
      </object_component>
      <object_component id="oc-48b">
         <name>.const:.string:cucco_mad_right_1</name>
         <load_address>0x6048</load_address>
         <run_address>0x6048</run_address>
         <size>0xf7</size>
         <input_file_ref idref="fl-2"/>
      </object_component>
      <object_component id="oc-493">
         <name>.const:.string:cucco_mad_right_2</name>
         <load_address>0x613f</load_address>
         <run_address>0x613f</run_address>
         <size>0xf7</size>
         <input_file_ref idref="fl-2"/>
      </object_component>
      <object_component id="oc-1b5">
         <name>.const:.string:cucco_right_1</name>
         <load_address>0x6236</load_address>
         <run_address>0x6236</run_address>
         <size>0xf7</size>
         <input_file_ref idref="fl-2"/>
      </object_component>
      <object_component id="oc-1b8">
         <name>.const:.string:cucco_right_2</name>
         <load_address>0x632d</load_address>
         <run_address>0x632d</run_address>
         <size>0xf7</size>
         <input_file_ref idref="fl-2"/>
      </object_component>
      <object_component id="oc-13d">
         <name>.const:.string:defeated_1</name>
         <load_address>0x6424</load_address>
         <run_address>0x6424</run_address>
         <size>0xf7</size>
         <input_file_ref idref="fl-2"/>
      </object_component>
      <object_component id="oc-140">
         <name>.const:.string:defeated_2</name>
         <load_address>0x651b</load_address>
         <run_address>0x651b</run_address>
         <size>0xf7</size>
         <input_file_ref idref="fl-2"/>
      </object_component>
      <object_component id="oc-143">
         <name>.const:.string:defeated_3</name>
         <load_address>0x6612</load_address>
         <run_address>0x6612</run_address>
         <size>0xf7</size>
         <input_file_ref idref="fl-2"/>
      </object_component>
      <object_component id="oc-207">
         <name>.const:.string:link_dead</name>
         <load_address>0x6709</load_address>
         <run_address>0x6709</run_address>
         <size>0xf7</size>
         <input_file_ref idref="fl-2"/>
      </object_component>
      <object_component id="oc-176">
         <name>.const:.string:link_down_1</name>
         <load_address>0x6800</load_address>
         <run_address>0x6800</run_address>
         <size>0xf7</size>
         <input_file_ref idref="fl-2"/>
      </object_component>
      <object_component id="oc-346">
         <name>.const:.string:link_down_2</name>
         <load_address>0x68f7</load_address>
         <run_address>0x68f7</run_address>
         <size>0xf7</size>
         <input_file_ref idref="fl-2"/>
      </object_component>
      <object_component id="oc-33b">
         <name>.const:.string:link_down_attack</name>
         <load_address>0x69ee</load_address>
         <run_address>0x69ee</run_address>
         <size>0xf7</size>
         <input_file_ref idref="fl-2"/>
      </object_component>
      <object_component id="oc-17c">
         <name>.const:.string:link_left_1</name>
         <load_address>0x6ae5</load_address>
         <run_address>0x6ae5</run_address>
         <size>0xf7</size>
         <input_file_ref idref="fl-2"/>
      </object_component>
      <object_component id="oc-161">
         <name>.const:.string:link_left_2</name>
         <load_address>0x6bdc</load_address>
         <run_address>0x6bdc</run_address>
         <size>0xf7</size>
         <input_file_ref idref="fl-2"/>
      </object_component>
      <object_component id="oc-182">
         <name>.const:.string:link_left_attack</name>
         <load_address>0x6cd3</load_address>
         <run_address>0x6cd3</run_address>
         <size>0xf7</size>
         <input_file_ref idref="fl-2"/>
      </object_component>
      <object_component id="oc-170">
         <name>.const:.string:link_right_1</name>
         <load_address>0x6dca</load_address>
         <run_address>0x6dca</run_address>
         <size>0xf7</size>
         <input_file_ref idref="fl-2"/>
      </object_component>
      <object_component id="oc-343">
         <name>.const:.string:link_right_2</name>
         <load_address>0x6ec1</load_address>
         <run_address>0x6ec1</run_address>
         <size>0xf7</size>
         <input_file_ref idref="fl-2"/>
      </object_component>
      <object_component id="oc-338">
         <name>.const:.string:link_right_attack</name>
         <load_address>0x6fb8</load_address>
         <run_address>0x6fb8</run_address>
         <size>0xf7</size>
         <input_file_ref idref="fl-2"/>
      </object_component>
      <object_component id="oc-16a">
         <name>.const:.string:link_up_1</name>
         <load_address>0x70af</load_address>
         <run_address>0x70af</run_address>
         <size>0xf7</size>
         <input_file_ref idref="fl-2"/>
      </object_component>
      <object_component id="oc-340">
         <name>.const:.string:link_up_2</name>
         <load_address>0x71a6</load_address>
         <run_address>0x71a6</run_address>
         <size>0xf7</size>
         <input_file_ref idref="fl-2"/>
      </object_component>
      <object_component id="oc-335">
         <name>.const:.string:link_up_attack</name>
         <load_address>0x729d</load_address>
         <run_address>0x729d</run_address>
         <size>0xf7</size>
         <input_file_ref idref="fl-2"/>
      </object_component>
      <object_component id="oc-2bd">
         <name>.const:.string:malon_sing_down</name>
         <load_address>0x7394</load_address>
         <run_address>0x7394</run_address>
         <size>0xf7</size>
         <input_file_ref idref="fl-2"/>
      </object_component>
      <object_component id="oc-2c3">
         <name>.const:.string:malon_sing_left</name>
         <load_address>0x748b</load_address>
         <run_address>0x748b</run_address>
         <size>0xf7</size>
         <input_file_ref idref="fl-2"/>
      </object_component>
      <object_component id="oc-2c0">
         <name>.const:.string:malon_sing_right</name>
         <load_address>0x7582</load_address>
         <run_address>0x7582</run_address>
         <size>0xf7</size>
         <input_file_ref idref="fl-2"/>
      </object_component>
      <object_component id="oc-3cc">
         <name>.const:.string:oldman_down_1</name>
         <load_address>0x7679</load_address>
         <run_address>0x7679</run_address>
         <size>0xf7</size>
         <input_file_ref idref="fl-2"/>
      </object_component>
      <object_component id="oc-3da">
         <name>.const:.string:oldman_down_2</name>
         <load_address>0x7770</load_address>
         <run_address>0x7770</run_address>
         <size>0xf7</size>
         <input_file_ref idref="fl-2"/>
      </object_component>
      <object_component id="oc-3cf">
         <name>.const:.string:oldman_left_1</name>
         <load_address>0x7867</load_address>
         <run_address>0x7867</run_address>
         <size>0xf7</size>
         <input_file_ref idref="fl-2"/>
      </object_component>
      <object_component id="oc-3dd">
         <name>.const:.string:oldman_left_2</name>
         <load_address>0x795e</load_address>
         <run_address>0x795e</run_address>
         <size>0xf7</size>
         <input_file_ref idref="fl-2"/>
      </object_component>
      <object_component id="oc-3c9">
         <name>.const:.string:oldman_right_1</name>
         <load_address>0x7a55</load_address>
         <run_address>0x7a55</run_address>
         <size>0xf7</size>
         <input_file_ref idref="fl-2"/>
      </object_component>
      <object_component id="oc-3d7">
         <name>.const:.string:oldman_right_2</name>
         <load_address>0x7b4c</load_address>
         <run_address>0x7b4c</run_address>
         <size>0xf7</size>
         <input_file_ref idref="fl-2"/>
      </object_component>
      <object_component id="oc-3c6">
         <name>.const:.string:oldman_up_1</name>
         <load_address>0x7c43</load_address>
         <run_address>0x7c43</run_address>
         <size>0xf7</size>
         <input_file_ref idref="fl-2"/>
      </object_component>
      <object_component id="oc-3d4">
         <name>.const:.string:oldman_up_2</name>
         <load_address>0x7d3a</load_address>
         <run_address>0x7d3a</run_address>
         <size>0xf7</size>
         <input_file_ref idref="fl-2"/>
      </object_component>
      <object_component id="oc-19d">
         <name>.const:.string:poison</name>
         <load_address>0x7e31</load_address>
         <run_address>0x7e31</run_address>
         <size>0xf7</size>
         <input_file_ref idref="fl-2"/>
      </object_component>
      <object_component id="oc-158">
         <name>.const:.string:instructions</name>
         <load_address>0x7f28</load_address>
         <run_address>0x7f28</run_address>
         <size>0xef</size>
         <input_file_ref idref="fl-2"/>
      </object_component>
      <object_component id="oc-1b2">
         <name>.const:.string:grass_alive</name>
         <load_address>0x8017</load_address>
         <run_address>0x8017</run_address>
         <size>0xe7</size>
         <input_file_ref idref="fl-2"/>
      </object_component>
      <object_component id="oc-45d">
         <name>.const:.string:grass_cutted_1</name>
         <load_address>0x80fe</load_address>
         <run_address>0x80fe</run_address>
         <size>0xe7</size>
         <input_file_ref idref="fl-2"/>
      </object_component>
      <object_component id="oc-460">
         <name>.const:.string:grass_cutted_2</name>
         <load_address>0x81e5</load_address>
         <run_address>0x81e5</run_address>
         <size>0xe7</size>
         <input_file_ref idref="fl-2"/>
      </object_component>
      <object_component id="oc-137">
         <name>.const:.string:signature</name>
         <load_address>0x82cc</load_address>
         <run_address>0x82cc</run_address>
         <size>0xc7</size>
         <input_file_ref idref="fl-2"/>
      </object_component>
      <object_component id="oc-17f">
         <name>.const:.string:attack</name>
         <load_address>0x8393</load_address>
         <run_address>0x8393</run_address>
         <size>0xb3</size>
         <input_file_ref idref="fl-2"/>
      </object_component>
      <object_component id="oc-173">
         <name>.const:.string:down</name>
         <load_address>0x8446</load_address>
         <run_address>0x8446</run_address>
         <size>0xb3</size>
         <input_file_ref idref="fl-2"/>
      </object_component>
      <object_component id="oc-185">
         <name>.const:.string:pause</name>
         <load_address>0x84f9</load_address>
         <run_address>0x84f9</run_address>
         <size>0xb3</size>
         <input_file_ref idref="fl-2"/>
      </object_component>
      <object_component id="oc-16d">
         <name>.const:.string:right</name>
         <load_address>0x85ac</load_address>
         <run_address>0x85ac</run_address>
         <size>0xb3</size>
         <input_file_ref idref="fl-2"/>
      </object_component>
      <object_component id="oc-351">
         <name>.const:.string:sword_down</name>
         <load_address>0x865f</load_address>
         <run_address>0x865f</run_address>
         <size>0xb3</size>
         <input_file_ref idref="fl-2"/>
      </object_component>
      <object_component id="oc-34b">
         <name>.const:.string:sword_up</name>
         <load_address>0x8712</load_address>
         <run_address>0x8712</run_address>
         <size>0xb3</size>
         <input_file_ref idref="fl-2"/>
      </object_component>
      <object_component id="oc-362">
         <name>.const:.string:sword_half_left</name>
         <load_address>0x87c5</load_address>
         <run_address>0x87c5</run_address>
         <size>0xa7</size>
         <input_file_ref idref="fl-2"/>
      </object_component>
      <object_component id="oc-35c">
         <name>.const:.string:sword_half_right</name>
         <load_address>0x886c</load_address>
         <run_address>0x886c</run_address>
         <size>0xa7</size>
         <input_file_ref idref="fl-2"/>
      </object_component>
      <object_component id="oc-354">
         <name>.const:.string:sword_left</name>
         <load_address>0x8913</load_address>
         <run_address>0x8913</run_address>
         <size>0xa7</size>
         <input_file_ref idref="fl-2"/>
      </object_component>
      <object_component id="oc-34e">
         <name>.const:.string:sword_right</name>
         <load_address>0x89ba</load_address>
         <run_address>0x89ba</run_address>
         <size>0xa7</size>
         <input_file_ref idref="fl-2"/>
      </object_component>
      <object_component id="oc-179">
         <name>.const:.string:left</name>
         <load_address>0x8a61</load_address>
         <run_address>0x8a61</run_address>
         <size>0x9f</size>
         <input_file_ref idref="fl-2"/>
      </object_component>
      <object_component id="oc-35f">
         <name>.const:.string:sword_half_down</name>
         <load_address>0x8b00</load_address>
         <run_address>0x8b00</run_address>
         <size>0x9b</size>
         <input_file_ref idref="fl-2"/>
      </object_component>
      <object_component id="oc-359">
         <name>.const:.string:sword_half_up</name>
         <load_address>0x8b9b</load_address>
         <run_address>0x8b9b</run_address>
         <size>0x9b</size>
         <input_file_ref idref="fl-2"/>
      </object_component>
      <object_component id="oc-2f3">
         <name>.const:.string:cinco</name>
         <load_address>0x8c36</load_address>
         <run_address>0x8c36</run_address>
         <size>0x93</size>
         <input_file_ref idref="fl-2"/>
      </object_component>
      <object_component id="oc-2ea">
         <name>.const:.string:dois</name>
         <load_address>0x8cc9</load_address>
         <run_address>0x8cc9</run_address>
         <size>0x93</size>
         <input_file_ref idref="fl-2"/>
      </object_component>
      <object_component id="oc-1d1">
         <name>.const:.string:heart_empty</name>
         <load_address>0x8d5c</load_address>
         <run_address>0x8d5c</run_address>
         <size>0x93</size>
         <input_file_ref idref="fl-2"/>
      </object_component>
      <object_component id="oc-1cb">
         <name>.const:.string:heart_full</name>
         <load_address>0x8def</load_address>
         <run_address>0x8def</run_address>
         <size>0x93</size>
         <input_file_ref idref="fl-2"/>
      </object_component>
      <object_component id="oc-1ce">
         <name>.const:.string:heart_half</name>
         <load_address>0x8e82</load_address>
         <run_address>0x8e82</run_address>
         <size>0x93</size>
         <input_file_ref idref="fl-2"/>
      </object_component>
      <object_component id="oc-2ff">
         <name>.const:.string:nove</name>
         <load_address>0x8f15</load_address>
         <run_address>0x8f15</run_address>
         <size>0x93</size>
         <input_file_ref idref="fl-2"/>
      </object_component>
      <object_component id="oc-2fc">
         <name>.const:.string:oito</name>
         <load_address>0x8fa8</load_address>
         <run_address>0x8fa8</run_address>
         <size>0x93</size>
         <input_file_ref idref="fl-2"/>
      </object_component>
      <object_component id="oc-2f0">
         <name>.const:.string:quatro</name>
         <load_address>0x903b</load_address>
         <run_address>0x903b</run_address>
         <size>0x93</size>
         <input_file_ref idref="fl-2"/>
      </object_component>
      <object_component id="oc-2f6">
         <name>.const:.string:seis</name>
         <load_address>0x90ce</load_address>
         <run_address>0x90ce</run_address>
         <size>0x93</size>
         <input_file_ref idref="fl-2"/>
      </object_component>
      <object_component id="oc-2f9">
         <name>.const:.string:sete</name>
         <load_address>0x9161</load_address>
         <run_address>0x9161</run_address>
         <size>0x93</size>
         <input_file_ref idref="fl-2"/>
      </object_component>
      <object_component id="oc-2ed">
         <name>.const:.string:tres</name>
         <load_address>0x91f4</load_address>
         <run_address>0x91f4</run_address>
         <size>0x93</size>
         <input_file_ref idref="fl-2"/>
      </object_component>
      <object_component id="oc-2e7">
         <name>.const:.string:um</name>
         <load_address>0x9287</load_address>
         <run_address>0x9287</run_address>
         <size>0x93</size>
         <input_file_ref idref="fl-2"/>
      </object_component>
      <object_component id="oc-2e4">
         <name>.const:.string:zero</name>
         <load_address>0x931a</load_address>
         <run_address>0x931a</run_address>
         <size>0x93</size>
         <input_file_ref idref="fl-2"/>
      </object_component>
      <object_component id="oc-1ef">
         <name>.const:.string:$P$T2$3</name>
         <load_address>0x93ad</load_address>
         <run_address>0x93ad</run_address>
         <size>0x2</size>
         <input_file_ref idref="fl-2"/>
      </object_component>
      <object_component id="oc-1af">
         <name>.const:$P$T0$1</name>
         <load_address>0x93b0</load_address>
         <run_address>0x93b0</run_address>
         <size>0x90</size>
         <input_file_ref idref="fl-2"/>
      </object_component>
      <object_component id="oc-155">
         <name>.const:.string:blackseta</name>
         <load_address>0x9440</load_address>
         <run_address>0x9440</run_address>
         <size>0x8b</size>
         <input_file_ref idref="fl-2"/>
      </object_component>
      <object_component id="oc-1e9">
         <name>.const:.string:invseta</name>
         <load_address>0x94cb</load_address>
         <run_address>0x94cb</run_address>
         <size>0x8b</size>
         <input_file_ref idref="fl-2"/>
      </object_component>
      <object_component id="oc-14f">
         <name>.const:.string:seta</name>
         <load_address>0x9556</load_address>
         <run_address>0x9556</run_address>
         <size>0x8b</size>
         <input_file_ref idref="fl-2"/>
      </object_component>
      <object_component id="oc-167">
         <name>.const:.string:up</name>
         <load_address>0x95e1</load_address>
         <run_address>0x95e1</run_address>
         <size>0x8b</size>
         <input_file_ref idref="fl-2"/>
      </object_component>
      <object_component id="oc-15e">
         <name>.const:.string:button0</name>
         <load_address>0x966c</load_address>
         <run_address>0x966c</run_address>
         <size>0x87</size>
         <input_file_ref idref="fl-2"/>
      </object_component>
      <object_component id="oc-164">
         <name>.const:.string:button1</name>
         <load_address>0x96f3</load_address>
         <run_address>0x96f3</run_address>
         <size>0x87</size>
         <input_file_ref idref="fl-2"/>
      </object_component>
      <object_component id="oc-1f2">
         <name>.const:$P$T3$4</name>
         <load_address>0x977c</load_address>
         <run_address>0x977c</run_address>
         <size>0x78</size>
         <input_file_ref idref="fl-2"/>
      </object_component>
      <object_component id="oc-27b">
         <name>.const:g_pui32Xtals</name>
         <load_address>0x97f4</load_address>
         <run_address>0x97f4</run_address>
         <size>0x6c</size>
         <input_file_ref idref="fl-d"/>
      </object_component>
      <object_component id="oc-24a">
         <name>.const:.string:Masks</name>
         <load_address>0x9860</load_address>
         <run_address>0x9860</run_address>
         <size>0x8</size>
         <input_file_ref idref="fl-1"/>
      </object_component>
      <object_component id="oc-24d">
         <name>.const:SPECIAL_SIMBOLS</name>
         <load_address>0x9868</load_address>
         <run_address>0x9868</run_address>
         <size>0x5</size>
         <input_file_ref idref="fl-1"/>
      </object_component>
      <object_component id="oc-1ec">
         <name>.const:.string:$P$T1$2</name>
         <load_address>0x986d</load_address>
         <run_address>0x986d</run_address>
         <size>0x4</size>
         <input_file_ref idref="fl-2"/>
      </object_component>
      <object_component id="oc-4e4">
         <name>.cinit..data.load</name>
         <load_address>0xdcb0</load_address>
         <run_address>0xdcb0</run_address>
         <size>0x18c</size>
      </object_component>
      <object_component id="oc-4e2">
         <name>__TI_handler_table</name>
         <load_address>0xde3c</load_address>
         <run_address>0xde3c</run_address>
         <size>0xc</size>
      </object_component>
      <object_component id="oc-4e5">
         <name>.cinit..bss.load</name>
         <load_address>0xde48</load_address>
         <run_address>0xde48</run_address>
         <size>0x8</size>
      </object_component>
      <object_component id="oc-4e3">
         <name>__TI_cinit_table</name>
         <load_address>0xde50</load_address>
         <run_address>0xde50</run_address>
         <size>0x10</size>
      </object_component>
      <object_component id="oc-1a0">
         <name>.data:candle_sprites</name>
         <load_address>0x2000130c</load_address>
         <run_address>0x2000130c</run_address>
         <size>0x10</size>
         <input_file_ref idref="fl-2"/>
      </object_component>
      <object_component id="oc-194">
         <name>.data:link_walk_1</name>
         <load_address>0x2000132c</load_address>
         <run_address>0x2000132c</run_address>
         <size>0x10</size>
         <input_file_ref idref="fl-2"/>
      </object_component>
      <object_component id="oc-1f8">
         <name>.data:link_walk_2</name>
         <load_address>0x2000133c</load_address>
         <run_address>0x2000133c</run_address>
         <size>0x10</size>
         <input_file_ref idref="fl-2"/>
      </object_component>
      <object_component id="oc-1f5">
         <name>.data:link_attack</name>
         <load_address>0x2000131c</load_address>
         <run_address>0x2000131c</run_address>
         <size>0x10</size>
         <input_file_ref idref="fl-2"/>
      </object_component>
      <object_component id="oc-1fb">
         <name>.data:sword_sprite</name>
         <load_address>0x2000138c</load_address>
         <run_address>0x2000138c</run_address>
         <size>0x10</size>
         <input_file_ref idref="fl-2"/>
      </object_component>
      <object_component id="oc-1fe">
         <name>.data:sword_half_sprite</name>
         <load_address>0x2000135c</load_address>
         <run_address>0x2000135c</run_address>
         <size>0x10</size>
         <input_file_ref idref="fl-2"/>
      </object_component>
      <object_component id="oc-204">
         <name>.data:sword_position_x</name>
         <load_address>0x2000136c</load_address>
         <run_address>0x2000136c</run_address>
         <size>0x10</size>
         <input_file_ref idref="fl-2"/>
      </object_component>
      <object_component id="oc-201">
         <name>.data:sword_position_y</name>
         <load_address>0x2000137c</load_address>
         <run_address>0x2000137c</run_address>
         <size>0x10</size>
         <input_file_ref idref="fl-2"/>
      </object_component>
      <object_component id="oc-18e">
         <name>.data:malon_sprite</name>
         <load_address>0x2000134c</load_address>
         <run_address>0x2000134c</run_address>
         <size>0x10</size>
         <input_file_ref idref="fl-2"/>
      </object_component>
      <object_component id="oc-41e">
         <name>.data:grass_sprites</name>
         <load_address>0x20001294</load_address>
         <run_address>0x20001294</run_address>
         <size>0x18</size>
         <input_file_ref idref="fl-2"/>
      </object_component>
      <object_component id="oc-373">
         <name>.data:grass_array</name>
         <load_address>0x200013bc</load_address>
         <run_address>0x200013bc</run_address>
         <size>0x8</size>
         <input_file_ref idref="fl-2"/>
      </object_component>
      <object_component id="oc-30e">
         <name>.data:cucco_sprites_1</name>
         <load_address>0x200011ec</load_address>
         <run_address>0x200011ec</run_address>
         <size>0x18</size>
         <input_file_ref idref="fl-2"/>
      </object_component>
      <object_component id="oc-311">
         <name>.data:cucco_sprites_2</name>
         <load_address>0x20001204</load_address>
         <run_address>0x20001204</run_address>
         <size>0x18</size>
         <input_file_ref idref="fl-2"/>
      </object_component>
      <object_component id="oc-1bb">
         <name>.data:cucco_array</name>
         <load_address>0x200013a4</load_address>
         <run_address>0x200013a4</run_address>
         <size>0x8</size>
         <input_file_ref idref="fl-2"/>
      </object_component>
      <object_component id="oc-423">
         <name>.data:grand_cucco_sprites_1</name>
         <load_address>0x20001234</load_address>
         <run_address>0x20001234</run_address>
         <size>0x18</size>
         <input_file_ref idref="fl-2"/>
      </object_component>
      <object_component id="oc-426">
         <name>.data:grand_cucco_sprites_2</name>
         <load_address>0x2000124c</load_address>
         <run_address>0x2000124c</run_address>
         <size>0x18</size>
         <input_file_ref idref="fl-2"/>
      </object_component>
      <object_component id="oc-376">
         <name>.data:grand_cucco_array</name>
         <load_address>0x200013ac</load_address>
         <run_address>0x200013ac</run_address>
         <size>0x8</size>
         <input_file_ref idref="fl-2"/>
      </object_component>
      <object_component id="oc-42b">
         <name>.data:grand_madcucco_sprites_1</name>
         <load_address>0x20001264</load_address>
         <run_address>0x20001264</run_address>
         <size>0x18</size>
         <input_file_ref idref="fl-2"/>
      </object_component>
      <object_component id="oc-42e">
         <name>.data:grand_madcucco_sprites_2</name>
         <load_address>0x2000127c</load_address>
         <run_address>0x2000127c</run_address>
         <size>0x18</size>
         <input_file_ref idref="fl-2"/>
      </object_component>
      <object_component id="oc-379">
         <name>.data:grand_madcucco_array</name>
         <load_address>0x200013b4</load_address>
         <run_address>0x200013b4</run_address>
         <size>0x8</size>
         <input_file_ref idref="fl-2"/>
      </object_component>
      <object_component id="oc-2ce">
         <name>.data:oldman_sprites_1</name>
         <load_address>0x200012dc</load_address>
         <run_address>0x200012dc</run_address>
         <size>0x18</size>
         <input_file_ref idref="fl-2"/>
      </object_component>
      <object_component id="oc-2d1">
         <name>.data:oldman_sprites_2</name>
         <load_address>0x200012f4</load_address>
         <run_address>0x200012f4</run_address>
         <size>0x18</size>
         <input_file_ref idref="fl-2"/>
      </object_component>
      <object_component id="oc-19a">
         <name>.data:oldman_array</name>
         <load_address>0x200013cc</load_address>
         <run_address>0x200013cc</run_address>
         <size>0x8</size>
         <input_file_ref idref="fl-2"/>
      </object_component>
      <object_component id="oc-433">
         <name>.data:madcucco_sprites_1</name>
         <load_address>0x200012ac</load_address>
         <run_address>0x200012ac</run_address>
         <size>0x18</size>
         <input_file_ref idref="fl-2"/>
      </object_component>
      <object_component id="oc-436">
         <name>.data:madcucco_sprites_2</name>
         <load_address>0x200012c4</load_address>
         <run_address>0x200012c4</run_address>
         <size>0x18</size>
         <input_file_ref idref="fl-2"/>
      </object_component>
      <object_component id="oc-37c">
         <name>.data:madcucco_array</name>
         <load_address>0x200013c4</load_address>
         <run_address>0x200013c4</run_address>
         <size>0x8</size>
         <input_file_ref idref="fl-2"/>
      </object_component>
      <object_component id="oc-213">
         <name>.data:enemy_array</name>
         <load_address>0x2000121c</load_address>
         <run_address>0x2000121c</run_address>
         <size>0x18</size>
         <input_file_ref idref="fl-2"/>
      </object_component>
      <object_component id="oc-1a9">
         <name>.data:number</name>
         <load_address>0x200011c4</load_address>
         <run_address>0x200011c4</run_address>
         <size>0x28</size>
         <input_file_ref idref="fl-2"/>
      </object_component>
      <object_component id="oc-1ac">
         <name>.data</name>
         <load_address>0x200013d8</load_address>
         <run_address>0x200013d8</run_address>
         <size>0x3</size>
         <input_file_ref idref="fl-2"/>
      </object_component>
      <object_component id="oc-1a6">
         <name>.data:highscore</name>
         <load_address>0x200013db</load_address>
         <run_address>0x200013db</run_address>
         <size>0x3</size>
         <input_file_ref idref="fl-2"/>
      </object_component>
      <object_component id="oc-325">
         <name>.data</name>
         <load_address>0x200013d4</load_address>
         <run_address>0x200013d4</run_address>
         <size>0x4</size>
         <input_file_ref idref="fl-c9"/>
      </object_component>
      <object_component id="oc-220">
         <name>.data:$O1$$</name>
         <load_address>0x2000139c</load_address>
         <run_address>0x2000139c</run_address>
         <size>0x8</size>
         <input_file_ref idref="fl-d0"/>
      </object_component>
      <object_component id="oc-249">
         <name>.common:Screen</name>
         <uninitialized>true</uninitialized>
         <run_address>0x20000fc0</run_address>
         <size>0x1f8</size>
      </object_component>
      <object_component id="oc-132">
         <name>.common:warmap</name>
         <uninitialized>true</uninitialized>
         <run_address>0x20000000</run_address>
         <size>0xfc0</size>
      </object_component>
      <object_component id="oc-1c1">
         <name>.common:lifebar_heart</name>
         <uninitialized>true</uninitialized>
         <run_address>0x200011b8</run_address>
         <size>0xc</size>
      </object_component>
      <object_component id="oc-21">
         <name>.stack</name>
         <uninitialized>true</uninitialized>
         <run_address>0x200013e0</run_address>
         <size>0x4</size>
         <input_file_ref idref="fl-ca"/>
      </object_component>
      <object_component id="oc-4e6">
         <name>.stack</name>
         <uninitialized>true</uninitialized>
         <run_address>0x200013e0</run_address>
         <size>0x0</size>
      </object_component>
      <object_component id="oc-af">
         <name>.debug_info</name>
         <load_address>0x0</load_address>
         <run_address>0x0</run_address>
         <size>0x318</size>
         <input_file_ref idref="fl-1"/>
      </object_component>
      <object_component id="oc-247">
         <name>.debug_info</name>
         <load_address>0x318</load_address>
         <run_address>0x318</run_address>
         <size>0xfb</size>
         <input_file_ref idref="fl-1"/>
      </object_component>
      <object_component id="oc-24e">
         <name>.debug_info</name>
         <load_address>0x413</load_address>
         <run_address>0x413</run_address>
         <size>0x10f</size>
         <input_file_ref idref="fl-1"/>
      </object_component>
      <object_component id="oc-24b">
         <name>.debug_info</name>
         <load_address>0x522</load_address>
         <run_address>0x522</run_address>
         <size>0xfc</size>
         <input_file_ref idref="fl-1"/>
      </object_component>
      <object_component id="oc-120">
         <name>.debug_info</name>
         <load_address>0x61e</load_address>
         <run_address>0x61e</run_address>
         <size>0x1659</size>
         <input_file_ref idref="fl-1"/>
      </object_component>
      <object_component id="oc-6d">
         <name>.debug_info</name>
         <load_address>0x1c77</load_address>
         <run_address>0x1c77</run_address>
         <size>0x26b</size>
         <input_file_ref idref="fl-1"/>
      </object_component>
      <object_component id="oc-33">
         <name>.debug_info</name>
         <load_address>0x1ee2</load_address>
         <run_address>0x1ee2</run_address>
         <size>0x84</size>
         <input_file_ref idref="fl-1"/>
      </object_component>
      <object_component id="oc-aa">
         <name>.debug_info</name>
         <load_address>0x1f66</load_address>
         <run_address>0x1f66</run_address>
         <size>0x297</size>
         <input_file_ref idref="fl-1"/>
      </object_component>
      <object_component id="oc-72">
         <name>.debug_info</name>
         <load_address>0x21fd</load_address>
         <run_address>0x21fd</run_address>
         <size>0xbb</size>
         <input_file_ref idref="fl-1"/>
      </object_component>
      <object_component id="oc-251">
         <name>.debug_info</name>
         <load_address>0x22b8</load_address>
         <run_address>0x22b8</run_address>
         <size>0x3f</size>
         <input_file_ref idref="fl-1"/>
      </object_component>
      <object_component id="oc-133">
         <name>.debug_info</name>
         <load_address>0x22f7</load_address>
         <run_address>0x22f7</run_address>
         <size>0x8ea</size>
         <input_file_ref idref="fl-2"/>
      </object_component>
      <object_component id="oc-13b">
         <name>.debug_info</name>
         <load_address>0x2be1</load_address>
         <run_address>0x2be1</run_address>
         <size>0x102</size>
         <input_file_ref idref="fl-2"/>
      </object_component>
      <object_component id="oc-153">
         <name>.debug_info</name>
         <load_address>0x2ce3</load_address>
         <run_address>0x2ce3</run_address>
         <size>0xfc</size>
         <input_file_ref idref="fl-2"/>
      </object_component>
      <object_component id="oc-150">
         <name>.debug_info</name>
         <load_address>0x2ddf</load_address>
         <run_address>0x2ddf</run_address>
         <size>0xf8</size>
         <input_file_ref idref="fl-2"/>
      </object_component>
      <object_component id="oc-156">
         <name>.debug_info</name>
         <load_address>0x2ed7</load_address>
         <run_address>0x2ed7</run_address>
         <size>0x102</size>
         <input_file_ref idref="fl-2"/>
      </object_component>
      <object_component id="oc-1ea">
         <name>.debug_info</name>
         <load_address>0x2fd9</load_address>
         <run_address>0x2fd9</run_address>
         <size>0xfe</size>
         <input_file_ref idref="fl-2"/>
      </object_component>
      <object_component id="oc-14d">
         <name>.debug_info</name>
         <load_address>0x30d7</load_address>
         <run_address>0x30d7</run_address>
         <size>0x108</size>
         <input_file_ref idref="fl-2"/>
      </object_component>
      <object_component id="oc-15c">
         <name>.debug_info</name>
         <load_address>0x31df</load_address>
         <run_address>0x31df</run_address>
         <size>0x102</size>
         <input_file_ref idref="fl-2"/>
      </object_component>
      <object_component id="oc-15f">
         <name>.debug_info</name>
         <load_address>0x32e1</load_address>
         <run_address>0x32e1</run_address>
         <size>0xfe</size>
         <input_file_ref idref="fl-2"/>
      </object_component>
      <object_component id="oc-165">
         <name>.debug_info</name>
         <load_address>0x33df</load_address>
         <run_address>0x33df</run_address>
         <size>0xfe</size>
         <input_file_ref idref="fl-2"/>
      </object_component>
      <object_component id="oc-159">
         <name>.debug_info</name>
         <load_address>0x34dd</load_address>
         <run_address>0x34dd</run_address>
         <size>0x108</size>
         <input_file_ref idref="fl-2"/>
      </object_component>
      <object_component id="oc-168">
         <name>.debug_info</name>
         <load_address>0x35e5</load_address>
         <run_address>0x35e5</run_address>
         <size>0xf4</size>
         <input_file_ref idref="fl-2"/>
      </object_component>
      <object_component id="oc-16e">
         <name>.debug_info</name>
         <load_address>0x36d9</load_address>
         <run_address>0x36d9</run_address>
         <size>0xfa</size>
         <input_file_ref idref="fl-2"/>
      </object_component>
      <object_component id="oc-174">
         <name>.debug_info</name>
         <load_address>0x37d3</load_address>
         <run_address>0x37d3</run_address>
         <size>0xf8</size>
         <input_file_ref idref="fl-2"/>
      </object_component>
      <object_component id="oc-17a">
         <name>.debug_info</name>
         <load_address>0x38cb</load_address>
         <run_address>0x38cb</run_address>
         <size>0xf8</size>
         <input_file_ref idref="fl-2"/>
      </object_component>
      <object_component id="oc-180">
         <name>.debug_info</name>
         <load_address>0x39c3</load_address>
         <run_address>0x39c3</run_address>
         <size>0xfc</size>
         <input_file_ref idref="fl-2"/>
      </object_component>
      <object_component id="oc-186">
         <name>.debug_info</name>
         <load_address>0x3abf</load_address>
         <run_address>0x3abf</run_address>
         <size>0xfb</size>
         <input_file_ref idref="fl-2"/>
      </object_component>
      <object_component id="oc-1a4">
         <name>.debug_info</name>
         <load_address>0x3bba</load_address>
         <run_address>0x3bba</run_address>
         <size>0x10b</size>
         <input_file_ref idref="fl-2"/>
      </object_component>
      <object_component id="oc-189">
         <name>.debug_info</name>
         <load_address>0x3cc5</load_address>
         <run_address>0x3cc5</run_address>
         <size>0xff</size>
         <input_file_ref idref="fl-2"/>
      </object_component>
      <object_component id="oc-18c">
         <name>.debug_info</name>
         <load_address>0x3dc4</load_address>
         <run_address>0x3dc4</run_address>
         <size>0x107</size>
         <input_file_ref idref="fl-2"/>
      </object_component>
      <object_component id="oc-192">
         <name>.debug_info</name>
         <load_address>0x3ecb</load_address>
         <run_address>0x3ecb</run_address>
         <size>0xff</size>
         <input_file_ref idref="fl-2"/>
      </object_component>
      <object_component id="oc-198">
         <name>.debug_info</name>
         <load_address>0x3fca</load_address>
         <run_address>0x3fca</run_address>
         <size>0xff</size>
         <input_file_ref idref="fl-2"/>
      </object_component>
      <object_component id="oc-19e">
         <name>.debug_info</name>
         <load_address>0x40c9</load_address>
         <run_address>0x40c9</run_address>
         <size>0xfd</size>
         <input_file_ref idref="fl-2"/>
      </object_component>
      <object_component id="oc-2d9">
         <name>.debug_info</name>
         <load_address>0x41c6</load_address>
         <run_address>0x41c6</run_address>
         <size>0x101</size>
         <input_file_ref idref="fl-2"/>
      </object_component>
      <object_component id="oc-2dc">
         <name>.debug_info</name>
         <load_address>0x42c7</load_address>
         <run_address>0x42c7</run_address>
         <size>0x101</size>
         <input_file_ref idref="fl-2"/>
      </object_component>
      <object_component id="oc-1a1">
         <name>.debug_info</name>
         <load_address>0x43c8</load_address>
         <run_address>0x43c8</run_address>
         <size>0x10d</size>
         <input_file_ref idref="fl-2"/>
      </object_component>
      <object_component id="oc-1bf">
         <name>.debug_info</name>
         <load_address>0x44d5</load_address>
         <run_address>0x44d5</run_address>
         <size>0x109</size>
         <input_file_ref idref="fl-2"/>
      </object_component>
      <object_component id="oc-1c3">
         <name>.debug_info</name>
         <load_address>0x45de</load_address>
         <run_address>0x45de</run_address>
         <size>0x107</size>
         <input_file_ref idref="fl-2"/>
      </object_component>
      <object_component id="oc-1c6">
         <name>.debug_info</name>
         <load_address>0x46e5</load_address>
         <run_address>0x46e5</run_address>
         <size>0x107</size>
         <input_file_ref idref="fl-2"/>
      </object_component>
      <object_component id="oc-1c9">
         <name>.debug_info</name>
         <load_address>0x47ec</load_address>
         <run_address>0x47ec</run_address>
         <size>0xfd</size>
         <input_file_ref idref="fl-2"/>
      </object_component>
      <object_component id="oc-211">
         <name>.debug_info</name>
         <load_address>0x48e9</load_address>
         <run_address>0x48e9</run_address>
         <size>0x101</size>
         <input_file_ref idref="fl-2"/>
      </object_component>
      <object_component id="oc-20e">
         <name>.debug_info</name>
         <load_address>0x49ea</load_address>
         <run_address>0x49ea</run_address>
         <size>0x103</size>
         <input_file_ref idref="fl-2"/>
      </object_component>
      <object_component id="oc-20b">
         <name>.debug_info</name>
         <load_address>0x4aed</load_address>
         <run_address>0x4aed</run_address>
         <size>0x103</size>
         <input_file_ref idref="fl-2"/>
      </object_component>
      <object_component id="oc-138">
         <name>.debug_info</name>
         <load_address>0x4bf0</load_address>
         <run_address>0x4bf0</run_address>
         <size>0x103</size>
         <input_file_ref idref="fl-2"/>
      </object_component>
      <object_component id="oc-1e7">
         <name>.debug_info</name>
         <load_address>0x4cf3</load_address>
         <run_address>0x4cf3</run_address>
         <size>0x103</size>
         <input_file_ref idref="fl-2"/>
      </object_component>
      <object_component id="oc-1cc">
         <name>.debug_info</name>
         <load_address>0x4df6</load_address>
         <run_address>0x4df6</run_address>
         <size>0x105</size>
         <input_file_ref idref="fl-2"/>
      </object_component>
      <object_component id="oc-1cf">
         <name>.debug_info</name>
         <load_address>0x4efb</load_address>
         <run_address>0x4efb</run_address>
         <size>0x105</size>
         <input_file_ref idref="fl-2"/>
      </object_component>
      <object_component id="oc-1d2">
         <name>.debug_info</name>
         <load_address>0x5000</load_address>
         <run_address>0x5000</run_address>
         <size>0x107</size>
         <input_file_ref idref="fl-2"/>
      </object_component>
      <object_component id="oc-16b">
         <name>.debug_info</name>
         <load_address>0x5107</load_address>
         <run_address>0x5107</run_address>
         <size>0x103</size>
         <input_file_ref idref="fl-2"/>
      </object_component>
      <object_component id="oc-341">
         <name>.debug_info</name>
         <load_address>0x520a</load_address>
         <run_address>0x520a</run_address>
         <size>0x103</size>
         <input_file_ref idref="fl-2"/>
      </object_component>
      <object_component id="oc-336">
         <name>.debug_info</name>
         <load_address>0x530d</load_address>
         <run_address>0x530d</run_address>
         <size>0x10d</size>
         <input_file_ref idref="fl-2"/>
      </object_component>
      <object_component id="oc-171">
         <name>.debug_info</name>
         <load_address>0x541a</load_address>
         <run_address>0x541a</run_address>
         <size>0x109</size>
         <input_file_ref idref="fl-2"/>
      </object_component>
      <object_component id="oc-344">
         <name>.debug_info</name>
         <load_address>0x5523</load_address>
         <run_address>0x5523</run_address>
         <size>0x109</size>
         <input_file_ref idref="fl-2"/>
      </object_component>
      <object_component id="oc-339">
         <name>.debug_info</name>
         <load_address>0x562c</load_address>
         <run_address>0x562c</run_address>
         <size>0x113</size>
         <input_file_ref idref="fl-2"/>
      </object_component>
      <object_component id="oc-177">
         <name>.debug_info</name>
         <load_address>0x573f</load_address>
         <run_address>0x573f</run_address>
         <size>0x107</size>
         <input_file_ref idref="fl-2"/>
      </object_component>
      <object_component id="oc-347">
         <name>.debug_info</name>
         <load_address>0x5846</load_address>
         <run_address>0x5846</run_address>
         <size>0x107</size>
         <input_file_ref idref="fl-2"/>
      </object_component>
      <object_component id="oc-33c">
         <name>.debug_info</name>
         <load_address>0x594d</load_address>
         <run_address>0x594d</run_address>
         <size>0x111</size>
         <input_file_ref idref="fl-2"/>
      </object_component>
      <object_component id="oc-17d">
         <name>.debug_info</name>
         <load_address>0x5a5e</load_address>
         <run_address>0x5a5e</run_address>
         <size>0x107</size>
         <input_file_ref idref="fl-2"/>
      </object_component>
      <object_component id="oc-162">
         <name>.debug_info</name>
         <load_address>0x5b65</load_address>
         <run_address>0x5b65</run_address>
         <size>0x107</size>
         <input_file_ref idref="fl-2"/>
      </object_component>
      <object_component id="oc-183">
         <name>.debug_info</name>
         <load_address>0x5c6c</load_address>
         <run_address>0x5c6c</run_address>
         <size>0x111</size>
         <input_file_ref idref="fl-2"/>
      </object_component>
      <object_component id="oc-208">
         <name>.debug_info</name>
         <load_address>0x5d7d</load_address>
         <run_address>0x5d7d</run_address>
         <size>0x103</size>
         <input_file_ref idref="fl-2"/>
      </object_component>
      <object_component id="oc-195">
         <name>.debug_info</name>
         <load_address>0x5e80</load_address>
         <run_address>0x5e80</run_address>
         <size>0x107</size>
         <input_file_ref idref="fl-2"/>
      </object_component>
      <object_component id="oc-1f9">
         <name>.debug_info</name>
         <load_address>0x5f87</load_address>
         <run_address>0x5f87</run_address>
         <size>0x107</size>
         <input_file_ref idref="fl-2"/>
      </object_component>
      <object_component id="oc-1f6">
         <name>.debug_info</name>
         <load_address>0x608e</load_address>
         <run_address>0x608e</run_address>
         <size>0x107</size>
         <input_file_ref idref="fl-2"/>
      </object_component>
      <object_component id="oc-34c">
         <name>.debug_info</name>
         <load_address>0x6195</load_address>
         <run_address>0x6195</run_address>
         <size>0x101</size>
         <input_file_ref idref="fl-2"/>
      </object_component>
      <object_component id="oc-34f">
         <name>.debug_info</name>
         <load_address>0x6296</load_address>
         <run_address>0x6296</run_address>
         <size>0x107</size>
         <input_file_ref idref="fl-2"/>
      </object_component>
      <object_component id="oc-352">
         <name>.debug_info</name>
         <load_address>0x639d</load_address>
         <run_address>0x639d</run_address>
         <size>0x105</size>
         <input_file_ref idref="fl-2"/>
      </object_component>
      <object_component id="oc-355">
         <name>.debug_info</name>
         <load_address>0x64a2</load_address>
         <run_address>0x64a2</run_address>
         <size>0x105</size>
         <input_file_ref idref="fl-2"/>
      </object_component>
      <object_component id="oc-35a">
         <name>.debug_info</name>
         <load_address>0x65a7</load_address>
         <run_address>0x65a7</run_address>
         <size>0x10b</size>
         <input_file_ref idref="fl-2"/>
      </object_component>
      <object_component id="oc-35d">
         <name>.debug_info</name>
         <load_address>0x66b2</load_address>
         <run_address>0x66b2</run_address>
         <size>0x111</size>
         <input_file_ref idref="fl-2"/>
      </object_component>
      <object_component id="oc-360">
         <name>.debug_info</name>
         <load_address>0x67c3</load_address>
         <run_address>0x67c3</run_address>
         <size>0x10f</size>
         <input_file_ref idref="fl-2"/>
      </object_component>
      <object_component id="oc-363">
         <name>.debug_info</name>
         <load_address>0x68d2</load_address>
         <run_address>0x68d2</run_address>
         <size>0x10f</size>
         <input_file_ref idref="fl-2"/>
      </object_component>
      <object_component id="oc-1fc">
         <name>.debug_info</name>
         <load_address>0x69e1</load_address>
         <run_address>0x69e1</run_address>
         <size>0x109</size>
         <input_file_ref idref="fl-2"/>
      </object_component>
      <object_component id="oc-1ff">
         <name>.debug_info</name>
         <load_address>0x6aea</load_address>
         <run_address>0x6aea</run_address>
         <size>0x113</size>
         <input_file_ref idref="fl-2"/>
      </object_component>
      <object_component id="oc-205">
         <name>.debug_info</name>
         <load_address>0x6bfd</load_address>
         <run_address>0x6bfd</run_address>
         <size>0x111</size>
         <input_file_ref idref="fl-2"/>
      </object_component>
      <object_component id="oc-202">
         <name>.debug_info</name>
         <load_address>0x6d0e</load_address>
         <run_address>0x6d0e</run_address>
         <size>0x111</size>
         <input_file_ref idref="fl-2"/>
      </object_component>
      <object_component id="oc-2c1">
         <name>.debug_info</name>
         <load_address>0x6e1f</load_address>
         <run_address>0x6e1f</run_address>
         <size>0x111</size>
         <input_file_ref idref="fl-2"/>
      </object_component>
      <object_component id="oc-2be">
         <name>.debug_info</name>
         <load_address>0x6f30</load_address>
         <run_address>0x6f30</run_address>
         <size>0x10f</size>
         <input_file_ref idref="fl-2"/>
      </object_component>
      <object_component id="oc-2c4">
         <name>.debug_info</name>
         <load_address>0x703f</load_address>
         <run_address>0x703f</run_address>
         <size>0x10f</size>
         <input_file_ref idref="fl-2"/>
      </object_component>
      <object_component id="oc-18f">
         <name>.debug_info</name>
         <load_address>0x714e</load_address>
         <run_address>0x714e</run_address>
         <size>0x109</size>
         <input_file_ref idref="fl-2"/>
      </object_component>
      <object_component id="oc-13e">
         <name>.debug_info</name>
         <load_address>0x7257</load_address>
         <run_address>0x7257</run_address>
         <size>0x105</size>
         <input_file_ref idref="fl-2"/>
      </object_component>
      <object_component id="oc-141">
         <name>.debug_info</name>
         <load_address>0x735c</load_address>
         <run_address>0x735c</run_address>
         <size>0x105</size>
         <input_file_ref idref="fl-2"/>
      </object_component>
      <object_component id="oc-144">
         <name>.debug_info</name>
         <load_address>0x7461</load_address>
         <run_address>0x7461</run_address>
         <size>0x105</size>
         <input_file_ref idref="fl-2"/>
      </object_component>
      <object_component id="oc-46f">
         <name>.debug_info</name>
         <load_address>0x7566</load_address>
         <run_address>0x7566</run_address>
         <size>0x111</size>
         <input_file_ref idref="fl-2"/>
      </object_component>
      <object_component id="oc-46c">
         <name>.debug_info</name>
         <load_address>0x7677</load_address>
         <run_address>0x7677</run_address>
         <size>0x111</size>
         <input_file_ref idref="fl-2"/>
      </object_component>
      <object_component id="oc-1b3">
         <name>.debug_info</name>
         <load_address>0x7788</load_address>
         <run_address>0x7788</run_address>
         <size>0x107</size>
         <input_file_ref idref="fl-2"/>
      </object_component>
      <object_component id="oc-45e">
         <name>.debug_info</name>
         <load_address>0x788f</load_address>
         <run_address>0x788f</run_address>
         <size>0x10d</size>
         <input_file_ref idref="fl-2"/>
      </object_component>
      <object_component id="oc-461">
         <name>.debug_info</name>
         <load_address>0x799c</load_address>
         <run_address>0x799c</run_address>
         <size>0x10d</size>
         <input_file_ref idref="fl-2"/>
      </object_component>
      <object_component id="oc-41f">
         <name>.debug_info</name>
         <load_address>0x7aa9</load_address>
         <run_address>0x7aa9</run_address>
         <size>0x10b</size>
         <input_file_ref idref="fl-2"/>
      </object_component>
      <object_component id="oc-374">
         <name>.debug_info</name>
         <load_address>0x7bb4</load_address>
         <run_address>0x7bb4</run_address>
         <size>0x107</size>
         <input_file_ref idref="fl-2"/>
      </object_component>
      <object_component id="oc-1b6">
         <name>.debug_info</name>
         <load_address>0x7cbb</load_address>
         <run_address>0x7cbb</run_address>
         <size>0x10b</size>
         <input_file_ref idref="fl-2"/>
      </object_component>
      <object_component id="oc-1b9">
         <name>.debug_info</name>
         <load_address>0x7dc6</load_address>
         <run_address>0x7dc6</run_address>
         <size>0x10b</size>
         <input_file_ref idref="fl-2"/>
      </object_component>
      <object_component id="oc-147">
         <name>.debug_info</name>
         <load_address>0x7ed1</load_address>
         <run_address>0x7ed1</run_address>
         <size>0x109</size>
         <input_file_ref idref="fl-2"/>
      </object_component>
      <object_component id="oc-14a">
         <name>.debug_info</name>
         <load_address>0x7fda</load_address>
         <run_address>0x7fda</run_address>
         <size>0x109</size>
         <input_file_ref idref="fl-2"/>
      </object_component>
      <object_component id="oc-30f">
         <name>.debug_info</name>
         <load_address>0x80e3</load_address>
         <run_address>0x80e3</run_address>
         <size>0x10f</size>
         <input_file_ref idref="fl-2"/>
      </object_component>
      <object_component id="oc-312">
         <name>.debug_info</name>
         <load_address>0x81f2</load_address>
         <run_address>0x81f2</run_address>
         <size>0x10f</size>
         <input_file_ref idref="fl-2"/>
      </object_component>
      <object_component id="oc-1bc">
         <name>.debug_info</name>
         <load_address>0x8301</load_address>
         <run_address>0x8301</run_address>
         <size>0x107</size>
         <input_file_ref idref="fl-2"/>
      </object_component>
      <object_component id="oc-469">
         <name>.debug_info</name>
         <load_address>0x8408</load_address>
         <run_address>0x8408</run_address>
         <size>0x115</size>
         <input_file_ref idref="fl-2"/>
      </object_component>
      <object_component id="oc-477">
         <name>.debug_info</name>
         <load_address>0x851d</load_address>
         <run_address>0x851d</run_address>
         <size>0x115</size>
         <input_file_ref idref="fl-2"/>
      </object_component>
      <object_component id="oc-466">
         <name>.debug_info</name>
         <load_address>0x8632</load_address>
         <run_address>0x8632</run_address>
         <size>0x117</size>
         <input_file_ref idref="fl-2"/>
      </object_component>
      <object_component id="oc-474">
         <name>.debug_info</name>
         <load_address>0x8749</load_address>
         <run_address>0x8749</run_address>
         <size>0x117</size>
         <input_file_ref idref="fl-2"/>
      </object_component>
      <object_component id="oc-424">
         <name>.debug_info</name>
         <load_address>0x8860</load_address>
         <run_address>0x8860</run_address>
         <size>0x11b</size>
         <input_file_ref idref="fl-2"/>
      </object_component>
      <object_component id="oc-427">
         <name>.debug_info</name>
         <load_address>0x897b</load_address>
         <run_address>0x897b</run_address>
         <size>0x11b</size>
         <input_file_ref idref="fl-2"/>
      </object_component>
[...]
         <value>0x20001204</value>
         <object_component_ref idref="oc-311"/>
      </symbol>
      <symbol id="sm-642">
         <name>Link_LifeLoss</name>
         <value>0xc04f</value>
         <object_component_ref idref="oc-c1"/>
      </symbol>
      <symbol id="sm-643">
         <name>oldman_up_1</name>
         <value>0x7c43</value>
         <object_component_ref idref="oc-3c6"/>
      </symbol>
      <symbol id="sm-644">
         <name>oldman_up_2</name>
         <value>0x7d3a</value>
         <object_component_ref idref="oc-3d4"/>
      </symbol>
      <symbol id="sm-645">
         <name>grand_madcucco_array</name>
         <value>0x200013b4</value>
         <object_component_ref idref="oc-379"/>
      </symbol>
      <symbol id="sm-646">
         <name>playwithhim</name>
         <value>0x50f6</value>
         <object_component_ref idref="oc-1c5"/>
      </symbol>
      <symbol id="sm-647">
         <name>link_up_attack</name>
         <value>0x729d</value>
         <object_component_ref idref="oc-335"/>
      </symbol>
      <symbol id="sm-648">
         <name>sword_right</name>
         <value>0x89ba</value>
         <object_component_ref idref="oc-34e"/>
      </symbol>
      <symbol id="sm-649">
         <name>pausemenu</name>
         <value>0x57f0</value>
         <object_component_ref idref="oc-1e6"/>
      </symbol>
      <symbol id="sm-64a">
         <name>quatro</name>
         <value>0x903b</value>
         <object_component_ref idref="oc-2f0"/>
      </symbol>
      <symbol id="sm-64b">
         <name>candle_sprites</name>
         <value>0x2000130c</value>
         <object_component_ref idref="oc-1a0"/>
      </symbol>
      <symbol id="sm-64c">
         <name>sword_position_x</name>
         <value>0x2000136c</value>
         <object_component_ref idref="oc-204"/>
      </symbol>
      <symbol id="sm-64d">
         <name>sword_position_y</name>
         <value>0x2000137c</value>
         <object_component_ref idref="oc-201"/>
      </symbol>
      <symbol id="sm-64e">
         <name>highscoremenu</name>
         <value>0x2faf</value>
         <object_component_ref idref="oc-1a3"/>
      </symbol>
      <symbol id="sm-64f">
         <name>blackseta</name>
         <value>0x9440</value>
         <object_component_ref idref="oc-155"/>
      </symbol>
      <symbol id="sm-650">
         <name>left</name>
         <value>0x8a61</value>
         <object_component_ref idref="oc-179"/>
      </symbol>
      <symbol id="sm-651">
         <name>oito</name>
         <value>0x8fa8</value>
         <object_component_ref idref="oc-2fc"/>
      </symbol>
      <symbol id="sm-652">
         <name>sword_left</name>
         <value>0x8913</value>
         <object_component_ref idref="oc-354"/>
      </symbol>
      <symbol id="sm-653">
         <name>grass_alive</name>
         <value>0x8017</value>
         <object_component_ref idref="oc-1b2"/>
      </symbol>
      <symbol id="sm-654">
         <name>InstructionScreen</name>
         <value>0x9bfd</value>
         <object_component_ref idref="oc-c1"/>
      </symbol>
      <symbol id="sm-655">
         <name>tres</name>
         <value>0x91f4</value>
         <object_component_ref idref="oc-2ed"/>
      </symbol>
      <symbol id="sm-656">
         <name>survivor_points</name>
         <value>0x200013d9</value>
         <object_component_ref idref="oc-1ac"/>
      </symbol>
      <symbol id="sm-657">
         <name>link_down_1</name>
         <value>0x6800</value>
         <object_component_ref idref="oc-176"/>
      </symbol>
      <symbol id="sm-658">
         <name>link_down_2</name>
         <value>0x68f7</value>
         <object_component_ref idref="oc-346"/>
      </symbol>
      <symbol id="sm-659">
         <name>link_right_attack</name>
         <value>0x6fb8</value>
         <object_component_ref idref="oc-338"/>
      </symbol>
      <symbol id="sm-65a">
         <name>heart_full</name>
         <value>0x8def</value>
         <object_component_ref idref="oc-1cb"/>
      </symbol>
      <symbol id="sm-65b">
         <name>Setup</name>
         <value>0x9875</value>
         <object_component_ref idref="oc-c1"/>
      </symbol>
      <symbol id="sm-65c">
         <name>invseta</name>
         <value>0x94cb</value>
         <object_component_ref idref="oc-1e9"/>
      </symbol>
      <symbol id="sm-65d">
         <name>Link_Move</name>
         <value>0xb7a1</value>
         <object_component_ref idref="oc-c1"/>
      </symbol>
      <symbol id="sm-65e">
         <name>cucco_array</name>
         <value>0x200013a4</value>
         <object_component_ref idref="oc-1bb"/>
      </symbol>
      <symbol id="sm-65f">
         <name>grass_array</name>
         <value>0x200013bc</value>
         <object_component_ref idref="oc-373"/>
      </symbol>
      <symbol id="sm-660">
         <name>oldman_sprites_1</name>
         <value>0x200012dc</value>
         <object_component_ref idref="oc-2ce"/>
      </symbol>
      <symbol id="sm-661">
         <name>oldman_sprites_2</name>
         <value>0x200012f4</value>
         <object_component_ref idref="oc-2d1"/>
      </symbol>
      <symbol id="sm-662">
         <name>defeated_2</name>
         <value>0x651b</value>
         <object_component_ref idref="oc-140"/>
      </symbol>
      <symbol id="sm-663">
         <name>defeated_3</name>
         <value>0x6612</value>
         <object_component_ref idref="oc-143"/>
      </symbol>
      <symbol id="sm-664">
         <name>defeated_1</name>
         <value>0x6424</value>
         <object_component_ref idref="oc-13d"/>
      </symbol>
      <symbol id="sm-665">
         <name>oldman_right_2</name>
         <value>0x7b4c</value>
         <object_component_ref idref="oc-3d7"/>
      </symbol>
      <symbol id="sm-666">
         <name>oldman_right_1</name>
         <value>0x7a55</value>
         <object_component_ref idref="oc-3c9"/>
      </symbol>
      <symbol id="sm-667">
         <name>link_left_1</name>
         <value>0x6ae5</value>
         <object_component_ref idref="oc-17c"/>
      </symbol>
      <symbol id="sm-668">
         <name>link_left_2</name>
         <value>0x6bdc</value>
         <object_component_ref idref="oc-161"/>
      </symbol>
      <symbol id="sm-669">
         <name>sword_half_down</name>
         <value>0x8b00</value>
         <object_component_ref idref="oc-35f"/>
      </symbol>
      <symbol id="sm-66a">
         <name>attack</name>
         <value>0x8393</value>
         <object_component_ref idref="oc-17f"/>
      </symbol>
      <symbol id="sm-66b">
         <name>grass_sprites</name>
         <value>0x20001294</value>
         <object_component_ref idref="oc-41e"/>
      </symbol>
      <symbol id="sm-66c">
         <name>malon_sing_right</name>
         <value>0x7582</value>
         <object_component_ref idref="oc-2c0"/>
      </symbol>
      <symbol id="sm-66d">
         <name>link_up_2</name>
         <value>0x71a6</value>
         <object_component_ref idref="oc-340"/>
      </symbol>
      <symbol id="sm-66e">
         <name>link_up_1</name>
         <value>0x70af</value>
         <object_component_ref idref="oc-16a"/>
      </symbol>
      <symbol id="sm-66f">
         <name>mode</name>
         <value>0x200013da</value>
         <object_component_ref idref="oc-1ac"/>
      </symbol>
      <symbol id="sm-670">
         <name>right</name>
         <value>0x85ac</value>
         <object_component_ref idref="oc-16d"/>
      </symbol>
      <symbol id="sm-671">
         <name>global_life</name>
         <value>0x200013d8</value>
         <object_component_ref idref="oc-1ac"/>
      </symbol>
      <symbol id="sm-672">
         <name>thanks</name>
         <value>0x5675</value>
         <object_component_ref idref="oc-1c8"/>
      </symbol>
      <symbol id="sm-673">
         <name>DisplayScore</name>
         <value>0xb219</value>
         <object_component_ref idref="oc-c1"/>
      </symbol>
      <symbol id="sm-674">
         <name>poison</name>
         <value>0x7e31</value>
         <object_component_ref idref="oc-19d"/>
      </symbol>
      <symbol id="sm-675">
         <name>link_walk_1</name>
         <value>0x2000132c</value>
         <object_component_ref idref="oc-194"/>
      </symbol>
      <symbol id="sm-676">
         <name>link_walk_2</name>
         <value>0x2000133c</value>
         <object_component_ref idref="oc-1f8"/>
      </symbol>
      <symbol id="sm-677">
         <name>Link_IsDead</name>
         <value>0xc07b</value>
         <object_component_ref idref="oc-c1"/>
      </symbol>
      <symbol id="sm-678">
         <name>Level_WarMapClear</name>
         <value>0xb599</value>
         <object_component_ref idref="oc-c1"/>
      </symbol>
      <symbol id="sm-679">
         <name>zero</name>
         <value>0x931a</value>
         <object_component_ref idref="oc-2e4"/>
      </symbol>
      <symbol id="sm-67a">
         <name>signature</name>
         <value>0x82cc</value>
         <object_component_ref idref="oc-137"/>
      </symbol>
      <symbol id="sm-67b">
         <name>madcucco_array</name>
         <value>0x200013c4</value>
         <object_component_ref idref="oc-37c"/>
      </symbol>
      <symbol id="sm-67c">
         <name>enemy_array</name>
         <value>0x2000121c</value>
         <object_component_ref idref="oc-213"/>
      </symbol>
      <symbol id="sm-67d">
         <name>pause</name>
         <value>0x84f9</value>
         <object_component_ref idref="oc-185"/>
      </symbol>
      <symbol id="sm-67e">
         <name>Pause</name>
         <value>0xaf05</value>
         <object_component_ref idref="oc-c1"/>
      </symbol>
      <symbol id="sm-67f">
         <name>down</name>
         <value>0x8446</value>
         <object_component_ref idref="oc-173"/>
      </symbol>
      <symbol id="sm-680">
         <name>number</name>
         <value>0x200011c4</value>
         <object_component_ref idref="oc-1a9"/>
      </symbol>
      <symbol id="sm-681">
         <name>NewGame</name>
         <value>0xa23d</value>
         <object_component_ref idref="oc-c1"/>
      </symbol>
      <symbol id="sm-682">
         <name>cucco_mad_right_2</name>
         <value>0x613f</value>
         <object_component_ref idref="oc-493"/>
      </symbol>
      <symbol id="sm-683">
         <name>cucco_mad_right_1</name>
         <value>0x6048</value>
         <object_component_ref idref="oc-48b"/>
      </symbol>
      <symbol id="sm-684">
         <name>candle_3</name>
         <value>0x5b75</value>
         <object_component_ref idref="oc-2db"/>
      </symbol>
      <symbol id="sm-685">
         <name>candle_2</name>
         <value>0x5a7e</value>
         <object_component_ref idref="oc-2d8"/>
      </symbol>
      <symbol id="sm-686">
         <name>Lifebar_Update</name>
         <value>0xae11</value>
         <object_component_ref idref="oc-c1"/>
      </symbol>
      <symbol id="sm-687">
         <name>GameOver</name>
         <value>0x1c48</value>
         <object_component_ref idref="oc-210"/>
      </symbol>
      <symbol id="sm-688">
         <name>oldman_array</name>
         <value>0x200013cc</value>
         <object_component_ref idref="oc-19a"/>
      </symbol>
      <symbol id="sm-689">
         <name>TitleLogo</name>
         <value>0x2c38</value>
         <object_component_ref idref="oc-13a"/>
      </symbol>
      <symbol id="sm-68a">
         <name>Level_WarMapStart</name>
         <value>0xb407</value>
         <object_component_ref idref="oc-c1"/>
      </symbol>
      <symbol id="sm-68b">
         <name>grand_defeated_3</name>
         <value>0x4264</value>
         <object_component_ref idref="oc-46b"/>
      </symbol>
      <symbol id="sm-68c">
         <name>grand_defeated_2</name>
         <value>0x3fed</value>
         <object_component_ref idref="oc-46e"/>
      </symbol>
      <symbol id="sm-68d">
         <name>grand_cucco_sprites_1</name>
         <value>0x20001234</value>
         <object_component_ref idref="oc-423"/>
      </symbol>
      <symbol id="sm-68e">
         <name>grand_cucco_sprites_2</name>
         <value>0x2000124c</value>
         <object_component_ref idref="oc-426"/>
      </symbol>
      <symbol id="sm-68f">
         <name>sword_sprite</name>
         <value>0x2000138c</value>
         <object_component_ref idref="oc-1fb"/>
      </symbol>
      <symbol id="sm-690">
         <name>grass_cutted_2</name>
         <value>0x81e5</value>
         <object_component_ref idref="oc-460"/>
      </symbol>
      <symbol id="sm-691">
         <name>grass_cutted_1</name>
         <value>0x80fe</value>
         <object_component_ref idref="oc-45d"/>
      </symbol>
      <symbol id="sm-6b3">
         <name>GetColumn</name>
         <value>0xd4d7</value>
         <object_component_ref idref="oc-125"/>
      </symbol>
      <symbol id="sm-6b4">
         <name>GetButton</name>
         <value>0xd51d</value>
         <object_component_ref idref="oc-125"/>
      </symbol>
      <symbol id="sm-6b5">
         <name>ConfigureButtons</name>
         <value>0xd48d</value>
         <object_component_ref idref="oc-125"/>
      </symbol>
      <symbol id="sm-6c3">
         <name>main</name>
         <value>0xdc63</value>
         <object_component_ref idref="oc-98"/>
      </symbol>
      <symbol id="sm-6df">
         <name>ResetISR</name>
         <value>0xdc89</value>
         <object_component_ref idref="oc-24"/>
      </symbol>
      <symbol id="sm-6e0">
         <name>g_pfnVectors</name>
         <value>0x0</value>
         <object_component_ref idref="oc-f"/>
      </symbol>
      <symbol id="sm-71c">
         <name>GPIOPinTypeGPIOInput</name>
         <value>0xdc31</value>
         <object_component_ref idref="oc-25c"/>
      </symbol>
      <symbol id="sm-71d">
         <name>GPIOPinTypeGPIOOutput</name>
         <value>0xdc05</value>
         <object_component_ref idref="oc-268"/>
      </symbol>
      <symbol id="sm-71e">
         <name>GPIOPinRead</name>
         <value>0xdc95</value>
         <object_component_ref idref="oc-26e"/>
      </symbol>
      <symbol id="sm-71f">
         <name>GPIODirModeSet</name>
         <value>0xdbb5</value>
         <object_component_ref idref="oc-3b2"/>
      </symbol>
      <symbol id="sm-720">
         <name>GPIOPinWrite</name>
         <value>0xdc9b</value>
         <object_component_ref idref="oc-274"/>
      </symbol>
      <symbol id="sm-721">
         <name>GPIOPadConfigSet</name>
         <value>0xd619</value>
         <object_component_ref idref="oc-262"/>
      </symbol>
      <symbol id="sm-774">
         <name>SysCtlClockSet</name>
         <value>0xd85d</value>
         <object_component_ref idref="oc-10d"/>
      </symbol>
      <symbol id="sm-775">
         <name>SysCtlDelay</name>
         <value>0xdca1</value>
         <object_component_ref idref="oc-131"/>
      </symbol>
      <symbol id="sm-776">
         <name>SysCtlPeripheralEnable</name>
         <value>0xdb4d</value>
         <object_component_ref idref="oc-256"/>
      </symbol>
      <symbol id="sm-777">
         <name>SysCtlClockGet</name>
         <value>0xd74d</value>
         <object_component_ref idref="oc-12b"/>
      </symbol>
      <symbol id="sm-79a">
         <name>SysTickEnable</name>
         <value>0xdc1d</value>
         <object_component_ref idref="oc-119"/>
      </symbol>
      <symbol id="sm-79b">
         <name>SysTickValueGet</name>
         <value>0xdc71</value>
         <object_component_ref idref="oc-1d4"/>
      </symbol>
      <symbol id="sm-79c">
         <name>SysTickPeriodSet</name>
         <value>0xdc45</value>
         <object_component_ref idref="oc-113"/>
      </symbol>
      <symbol id="sm-7b8">
         <name>memcpy</name>
         <value>0xd951</value>
         <object_component_ref idref="oc-38"/>
      </symbol>
      <symbol id="sm-7b9">
         <name>__aeabi_memcpy</name>
         <value>0xd951</value>
         <object_component_ref idref="oc-38"/>
      </symbol>
      <symbol id="sm-7ba">
         <name>__aeabi_memcpy8</name>
         <value>0xd951</value>
         <object_component_ref idref="oc-38"/>
      </symbol>
      <symbol id="sm-7bb">
         <name>__aeabi_memcpy4</name>
         <value>0xd951</value>
         <object_component_ref idref="oc-38"/>
      </symbol>
      <symbol id="sm-7d2">
         <name>__TI_zero_init</name>
         <value>0xdc7d</value>
         <object_component_ref idref="oc-4a"/>
      </symbol>
      <symbol id="sm-7e9">
         <name>__TI_decompress_none</name>
         <value>0xdc55</value>
         <object_component_ref idref="oc-18"/>
      </symbol>
      <symbol id="sm-80c">
         <name>__TI_decompress_lzss</name>
         <value>0xda67</value>
         <object_component_ref idref="oc-12"/>
      </symbol>
      <symbol id="sm-831">
         <name>rand</name>
         <value>0xdb81</value>
         <object_component_ref idref="oc-1e0"/>
      </symbol>
      <symbol id="sm-832">
         <name>srand</name>
         <value>0xdbe1</value>
         <object_component_ref idref="oc-1da"/>
      </symbol>
      <symbol id="sm-845">
         <name>__stack</name>
         <value>0x200013e0</value>
         <object_component_ref idref="oc-21"/>
      </symbol>
      <symbol id="sm-846">
         <name>_c_int00_noargs</name>
         <value>0xdb15</value>
         <object_component_ref idref="oc-56"/>
      </symbol>
      <symbol id="sm-855">
         <name>__aeabi_memset</name>
         <value>0xd9ef</value>
         <object_component_ref idref="oc-8c"/>
      </symbol>
      <symbol id="sm-856">
         <name>memset</name>
         <value>0xd9f5</value>
         <object_component_ref idref="oc-8c"/>
      </symbol>
      <symbol id="sm-857">
         <name>__aeabi_memset8</name>
         <value>0xd9ef</value>
         <object_component_ref idref="oc-8c"/>
      </symbol>
      <symbol id="sm-858">
         <name>__aeabi_memset4</name>
         <value>0xd9ef</value>
         <object_component_ref idref="oc-8c"/>
      </symbol>
      <symbol id="sm-859">
         <name>__aeabi_memclr8</name>
         <value>0xd9ed</value>
         <object_component_ref idref="oc-8c"/>
      </symbol>
      <symbol id="sm-85a">
         <name>__aeabi_memclr4</name>
         <value>0xd9ed</value>
         <object_component_ref idref="oc-8c"/>
      </symbol>
      <symbol id="sm-85b">
         <name>__aeabi_memclr</name>
         <value>0xd9ed</value>
         <object_component_ref idref="oc-8c"/>
      </symbol>
      <symbol id="sm-883">
         <name>__TI_auto_init_nobinit_nopinit</name>
         <value>0xdad1</value>
         <object_component_ref idref="oc-d9"/>
      </symbol>
      <symbol id="sm-88d">
         <name>_system_pre_init</name>
         <value>0xdca7</value>
         <object_component_ref idref="oc-92"/>
      </symbol>
      <symbol id="sm-899">
         <name>C$$EXIT</name>
         <value>0xdcab</value>
         <object_component_ref idref="oc-cd"/>
      </symbol>
      <symbol id="sm-89a">
         <name>abort</name>
         <value>0xdcab</value>
         <object_component_ref idref="oc-cd"/>
      </symbol>
      <symbol id="sm-8af">
         <name>_nop</name>
         <value>0xc83b</value>
         <object_component_ref idref="oc-383"/>
      </symbol>
      <symbol id="sm-8b0">
         <name>_lock</name>
         <value>0x2000139c</value>
         <object_component_ref idref="oc-220"/>
      </symbol>
      <symbol id="sm-8b1">
         <name>_unlock</name>
         <value>0x200013a0</value>
         <object_component_ref idref="oc-220"/>
      </symbol>
      <symbol id="sm-8b3">
         <name>__TI_static_base__</name>
         <value>0x0</value>
      </symbol>
      <symbol id="sm-8b6">
         <name>__mpu_init</name>
         <value>0x0</value>
      </symbol>
      <symbol id="sm-8b7">
         <name>_system_post_cinit</name>
         <value>0x0</value>
      </symbol>
   </symbol_table>
   <title>Link successful</title>
</link_info>
